<!doctype html public "-//w3c//dtd html 4.0 transitional//en">
<html><head>
<title>Static Call Graph - [.\Objects\mesh_switch.axf]</title></head>
<body><HR>
<H1>Static Call Graph for image .\Objects\mesh_switch.axf</H1><HR>
<BR><P>#&#060CALLGRAPH&#062# ARM Linker, 5060750: Last Updated: Tue Feb 25 17:51:20 2025
<BR><P>
<H3>Maximum Stack Usage =       2040 bytes + Unknown(Untraceable Function Pointers)</H3><H3>
Call chain for Maximum Stack Depth:</H3>
health_server_cb &rArr; MS_access_reply &rArr; MS_access_publish_ex &rArr; MS_access_send_pdu &rArr; MS_trn_send_access_pdu &rArr; MS_ltrn_send_pdu &rArr; ltrn_send_seg_pdu &rArr; ltrn_sar_transmit_segments &rArr; ltrn_sar_transmit_segment &rArr; MS_net_send_pdu &rArr; net_pkt_send &rArr; cry_aes_128_ccm_encrypt &rArr; aes_ccm_ae &rArr; aes_ccm_auth_start &rArr; aes_encrypt &rArr; cry_aes_128_encrypt
<P>
<H3>
Function Pointers
</H3><UL>
 <LI><a href="#[76]">ATT_BuildErrorRsp</a> from att_util.o(i.ATT_BuildErrorRsp) referenced from att_server.o(i.ATT_ErrorRsp)
 <LI><a href="#[77]">ATT_BuildExchangeMTURsp</a> from att_util.o(i.ATT_BuildExchangeMTURsp) referenced from att_server.o(i.ATT_ExchangeMTURsp)
 <LI><a href="#[78]">ATT_BuildExecuteWriteReq</a> from att_util.o(i.ATT_BuildExecuteWriteReq) referenced from att_client.o(i.ATT_ExecuteWriteReq)
 <LI><a href="#[79]">ATT_BuildFindByTypeValueReq</a> from att_util.o(i.ATT_BuildFindByTypeValueReq) referenced from att_client.o(i.ATT_FindByTypeValueReq)
 <LI><a href="#[7a]">ATT_BuildFindByTypeValueRsp</a> from att_util.o(i.ATT_BuildFindByTypeValueRsp) referenced from att_server.o(i.ATT_FindByTypeValueRsp)
 <LI><a href="#[7b]">ATT_BuildFindInfoReq</a> from att_util.o(i.ATT_BuildFindInfoReq) referenced from att_client.o(i.ATT_FindInfoReq)
 <LI><a href="#[7c]">ATT_BuildFindInfoRsp</a> from att_util.o(i.ATT_BuildFindInfoRsp) referenced from att_server.o(i.ATT_FindInfoRsp)
 <LI><a href="#[7d]">ATT_BuildHandleValueInd</a> from att_util.o(i.ATT_BuildHandleValueInd) referenced from att_server.o(i.ATT_HandleValueNoti)
 <LI><a href="#[7e]">ATT_BuildPrepareWriteReq</a> from att_util.o(i.ATT_BuildPrepareWriteReq) referenced from att_client.o(i.ATT_PrepareWriteReq)
 <LI><a href="#[7f]">ATT_BuildPrepareWriteRsp</a> from att_util.o(i.ATT_BuildPrepareWriteRsp) referenced from att_server.o(i.ATT_PrepareWriteRsp)
 <LI><a href="#[80]">ATT_BuildReadBlobReq</a> from att_util.o(i.ATT_BuildReadBlobReq) referenced from att_client.o(i.ATT_ReadBlobReq)
 <LI><a href="#[81]">ATT_BuildReadBlobRsp</a> from att_util.o(i.ATT_BuildReadBlobRsp) referenced from att_server.o(i.ATT_ReadBlobRsp)
 <LI><a href="#[83]">ATT_BuildReadByGrpTypeRsp</a> from att_util.o(i.ATT_BuildReadByGrpTypeRsp) referenced from att_server.o(i.ATT_ReadByGrpTypeRsp)
 <LI><a href="#[82]">ATT_BuildReadByTypeReq</a> from att_util.o(i.ATT_BuildReadByTypeReq) referenced from att_client.o(i.ATT_ReadByGrpTypeReq)
 <LI><a href="#[82]">ATT_BuildReadByTypeReq</a> from att_util.o(i.ATT_BuildReadByTypeReq) referenced from att_client.o(i.ATT_ReadByTypeReq)
 <LI><a href="#[84]">ATT_BuildReadByTypeRsp</a> from att_util.o(i.ATT_BuildReadByTypeRsp) referenced from att_server.o(i.ATT_ReadByTypeRsp)
 <LI><a href="#[85]">ATT_BuildReadMultiRsp</a> from att_util.o(i.ATT_BuildReadMultiRsp) referenced from att_server.o(i.ATT_ReadMultiRsp)
 <LI><a href="#[86]">ATT_BuildReadRsp</a> from att_util.o(i.ATT_BuildReadRsp) referenced from att_server.o(i.ATT_ReadRsp)
 <LI><a href="#[f3]">ATT_ParseExchangeMTUReq</a> from att_util.o(i.ATT_ParseExchangeMTUReq) referenced from gatt_server.o(.constdata)
 <LI><a href="#[104]">ATT_ParseExecuteWriteReq</a> from att_util.o(i.ATT_ParseExecuteWriteReq) referenced from gatt_server.o(.constdata)
 <LI><a href="#[b1]">ATT_ParseExecuteWriteRsp</a> from att_util.o(i.ATT_ParseExecuteWriteRsp) referenced from gatt_client.o(i.gattProcessReliableWrites)
 <LI><a href="#[b1]">ATT_ParseExecuteWriteRsp</a> from att_util.o(i.ATT_ParseExecuteWriteRsp) referenced from gatt_client.o(i.gattProcessWriteLong)
 <LI><a href="#[f7]">ATT_ParseFindByTypeValueReq</a> from att_util.o(i.ATT_ParseFindByTypeValueReq) referenced from gatt_server.o(.constdata)
 <LI><a href="#[f5]">ATT_ParseFindInfoReq</a> from att_util.o(i.ATT_ParseFindInfoReq) referenced from gatt_server.o(.constdata)
 <LI><a href="#[88]">ATT_ParseFindInfoRsp</a> from att_util.o(i.ATT_ParseFindInfoRsp) referenced from gatt_client.o(i.GATT_DiscAllCharDescs)
 <LI><a href="#[103]">ATT_ParsePrepareWriteReq</a> from att_util.o(i.ATT_ParsePrepareWriteReq) referenced from gatt_server.o(.constdata)
 <LI><a href="#[fd]">ATT_ParseReadBlobReq</a> from att_util.o(i.ATT_ParseReadBlobReq) referenced from gatt_server.o(.constdata)
 <LI><a href="#[f9]">ATT_ParseReadByTypeReq</a> from att_util.o(i.ATT_ParseReadByTypeReq) referenced 2 times from gatt_server.o(.constdata)
 <LI><a href="#[b2]">ATT_ParseReadByTypeRsp</a> from att_util.o(i.ATT_ParseReadByTypeRsp) referenced from gatt_client.o(i.gattReadByType)
 <LI><a href="#[fe]">ATT_ParseReadMultiReq</a> from att_util.o(i.ATT_ParseReadMultiReq) referenced from gatt_server.o(.constdata)
 <LI><a href="#[fb]">ATT_ParseReadReq</a> from att_util.o(i.ATT_ParseReadReq) referenced from gatt_server.o(.constdata)
 <LI><a href="#[101]">ATT_ParseWriteReq</a> from att_util.o(i.ATT_ParseWriteReq) referenced from gatt_server.o(.constdata)
 <LI><a href="#[49]">Bsp_Btn_ProcessEvent</a> from bsp_button_task.o(i.Bsp_Btn_ProcessEvent) referenced from osal_blemesh.o(_section_sram_code_)
 <LI><a href="#[46]">GAP_ProcessEvent</a> from gap_task.o(i.GAP_ProcessEvent) referenced from osal_blemesh.o(_section_sram_code_)
 <LI><a href="#[48]">GATTServApp_ProcessEvent</a> from gattservapp.o(i.GATTServApp_ProcessEvent) referenced from osal_blemesh.o(_section_sram_code_)
 <LI><a href="#[47]">GATT_ProcessEvent</a> from gatt_task.o(i.GATT_ProcessEvent) referenced from osal_blemesh.o(_section_sram_code_)
 <LI><a href="#[44]">HCI_ProcessEvent</a> from bb_rom_sym_m0.txt(ABSOLUTE) referenced from osal_blemesh.o(_section_sram_code_)
 <LI><a href="#[8d]">L2CAP_BuildCmdReject</a> from l2cap_util.o(i.L2CAP_BuildCmdReject) referenced from l2cap_if.o(i.L2CAP_CmdReject)
 <LI><a href="#[8e]">L2CAP_BuildParamUpdateRsp</a> from l2cap_util.o(i.L2CAP_BuildParamUpdateRsp) referenced from l2cap_if.o(i.L2CAP_ConnParamUpdateRsp)
 <LI><a href="#[45]">L2CAP_ProcessEvent</a> from l2cap_task.o(i.L2CAP_ProcessEvent) referenced from osal_blemesh.o(_section_sram_code_)
 <LI><a href="#[6c]">LL_Disconnect1</a> from patch.o(_func_xip_code_.LL_Disconnect1) referenced from patch.o(_section_xip_code_)
 <LI><a href="#[60]">LL_ENC_AES128_Encrypt1</a> from patch.o(i.LL_ENC_AES128_Encrypt1) referenced from patch.o(_section_xip_code_)
 <LI><a href="#[62]">LL_ENC_Decrypt1</a> from patch.o(i.LL_ENC_Decrypt1) referenced from patch.o(_section_xip_code_)
 <LI><a href="#[61]">LL_ENC_Encrypt1</a> from patch.o(i.LL_ENC_Encrypt1) referenced from patch.o(_section_xip_code_)
 <LI><a href="#[5d]">LL_IRQHandler1</a> from patch.o(i.LL_IRQHandler1) referenced from patch.o(_section_xip_code_)
 <LI><a href="#[43]">LL_ProcessEvent</a> from bb_rom_sym_m0.txt(ABSOLUTE) referenced from osal_blemesh.o(_section_sram_code_)
 <LI><a href="#[74]">LL_ProcessEvent1</a> from patch.o(i.LL_ProcessEvent1) referenced from patch.o(_section_xip_code_)
 <LI><a href="#[71]">LL_Reset1</a> from patch.o(i.LL_Reset1) referenced from patch.o(_section_xip_code_)
 <LI><a href="#[53]">LL_SetAdvControl1</a> from patch.o(_func_xip_code_.LL_SetAdvControl1) referenced from patch.o(_func_xip_code_.ll_patch_mesh_slave)
 <LI><a href="#[52]">LL_SetAdvParam1</a> from patch.o(_func_xip_code_.LL_SetAdvParam1) referenced from patch.o(_func_xip_code_.ll_patch_mesh_slave)
 <LI><a href="#[68]">LL_SetDataLengh1</a> from patch.o(_func_xip_code_.LL_SetDataLengh1) referenced from patch.o(_section_xip_code_)
 <LI><a href="#[3c]">LL_SetScanControl1</a> from patch.o(_func_xip_code_.LL_SetScanControl1) referenced from patch.o(i.ll_patch_mesh)
 <LI><a href="#[3b]">LL_SetScanParam1</a> from patch.o(_func_xip_code_.LL_SetScanParam1) referenced from patch.o(i.ll_patch_mesh)
 <LI><a href="#[73]">LL_TxData1</a> from patch.o(_func_xip_code_.LL_TxData1) referenced from patch.o(_section_xip_code_)
 <LI><a href="#[6b]">LL_set_default_conn_params1</a> from patch.o(i.LL_set_default_conn_params1) referenced from patch.o(_section_xip_code_)
 <LI><a href="#[5b]">LL_slave_conn_event3</a> from patch.o(i.LL_slave_conn_event3) referenced from patch.o(_func_xip_code_.ll_patch_mesh_slave)
 <LI><a href="#[1]">PowerOff_key_change_event</a> from bsp_button_task.o(i.PowerOff_key_change_event) referenced 2 times from bsp_button_task.o(.data)
 <LI><a href="#[2]">PowerOff_key_polling_event</a> from bsp_button_task.o(i.PowerOff_key_polling_event) referenced 2 times from bsp_button_task.o(.data)
 <LI><a href="#[3]">PowerOff_key_restore_event</a> from bsp_button_task.o(i.PowerOff_key_restore_event) referenced 2 times from bsp_button_task.o(.data)
 <LI><a href="#[e5]">ProcessUartData</a> from blemesh.o(i.ProcessUartData) referenced from blemesh.o(.constdata)
 <LI><a href="#[31]">Reset_Handler</a> from startup_armcm0.o(.text) referenced from startup_armcm0.o(RESET)
 <LI><a href="#[34]">SystemInit</a> from system_armcm0.o(i.SystemInit) referenced from startup_armcm0.o(.text)
 <LI><a href="#[a8]">UI_app_config_server_callback</a> from appl_sample_mesh_switch.o(i.UI_app_config_server_callback) referenced from appl_sample_mesh_switch.o(i.appl_mesh_sample)
 <LI><a href="#[a7]">UI_gatt_iface_event_pl_cb</a> from appl_sample_mesh_switch.o(i.UI_gatt_iface_event_pl_cb) referenced from appl_sample_mesh_switch.o(i.appl_mesh_sample)
 <LI><a href="#[9f]">UI_generic_onoff_client_cb</a> from appl_sample_mesh_switch.o(i.UI_generic_onoff_client_cb) referenced from appl_sample_mesh_switch.o(i.UI_register_generic_onoff_model_client)
 <LI><a href="#[27]">UI_health_self_test_00</a> from appl_sample_mesh_switch.o(i.UI_health_self_test_00) referenced 2 times from appl_sample_mesh_switch.o(.data)
 <LI><a href="#[28]">UI_health_self_test_01</a> from appl_sample_mesh_switch.o(i.UI_health_self_test_01) referenced 2 times from appl_sample_mesh_switch.o(.data)
 <LI><a href="#[29]">UI_health_self_test_FF</a> from appl_sample_mesh_switch.o(i.UI_health_self_test_FF) referenced 2 times from appl_sample_mesh_switch.o(.data)
 <LI><a href="#[9e]">UI_health_server_cb</a> from appl_sample_mesh_switch.o(i.UI_health_server_cb) referenced from appl_sample_mesh_switch.o(i.UI_register_foundation_model_servers)
 <LI><a href="#[a0]">UI_light_hsl_client_cb</a> from appl_sample_mesh_switch.o(i.UI_light_hsl_client_cb) referenced from appl_sample_mesh_switch.o(i.UI_register_light_hsl_model_client)
 <LI><a href="#[a1]">UI_prov_callback</a> from appl_sample_mesh_switch.o(i.UI_prov_callback) referenced from appl_sample_mesh_switch.o(i.UI_register_prov)
 <LI><a href="#[9d]">UI_provcfg_complete_timeout_handler</a> from appl_sample_mesh_switch.o(i.UI_provcfg_complete_timeout_handler) referenced from appl_sample_mesh_switch.o(i.UI_prov_callback)
 <LI><a href="#[a2]">UI_proxy_callback</a> from appl_sample_mesh_switch.o(i.UI_proxy_callback) referenced from appl_sample_mesh_switch.o(i.UI_register_proxy)
 <LI><a href="#[a3]">UI_scene_client_cb</a> from appl_sample_mesh_switch.o(i.UI_scene_client_cb) referenced from appl_sample_mesh_switch.o(i.UI_register_scene_model_client)
 <LI><a href="#[a4]">UI_vendor_example_client_cb</a> from appl_sample_mesh_switch.o(i.UI_vendor_example_client_cb) referenced from appl_sample_mesh_switch.o(i.UI_register_vendor_defined_model_client)
 <LI><a href="#[35]">__main</a> from entry.o(.ARM.Collect$$$$00000000) referenced from startup_armcm0.o(.text)
 <LI><a href="#[33]">_hard_fault</a> from jump_table.o(i._hard_fault) referenced from jump_table.o(.emb_text)
 <LI><a href="#[a5]">_sputc</a> from printfa.o(i._sputc) referenced from printfa.o(i.__0sprintf)
 <LI><a href="#[b0]">_uart_putc</a> from my_printf.o(i._uart_putc) referenced from my_printf.o(i.dbg_printf)
 <LI><a href="#[c0]">access_pkt_in</a> from libethermind_mesh_core.lib(i.access_pkt_in) referenced from libethermind_mesh_core.lib(i.ms_access_init)
 <LI><a href="#[a]">app_powerkey_longpress_report</a> from blemesh.o(i.app_powerkey_longpress_report) referenced 2 times from blemesh.o(.data)
 <LI><a href="#[8]">app_powerkey_press_report</a> from blemesh.o(i.app_powerkey_press_report) referenced 2 times from blemesh.o(.data)
 <LI><a href="#[9]">app_powerkey_release_report</a> from blemesh.o(i.app_powerkey_release_report) referenced 2 times from blemesh.o(.data)
 <LI><a href="#[b]">appl_mesh_prov_data_in_wt_cb</a> from blebrr_pl.o(i.appl_mesh_prov_data_in_wt_cb) referenced 2 times from blebrr_pl.o(.data)
 <LI><a href="#[c]">appl_mesh_prov_data_out_ccd_cb</a> from blebrr_pl.o(i.appl_mesh_prov_data_out_ccd_cb) referenced 2 times from blebrr_pl.o(.data)
 <LI><a href="#[d]">appl_mesh_proxy_data_in_wt_cb</a> from blebrr_pl.o(i.appl_mesh_proxy_data_in_wt_cb) referenced 2 times from blebrr_pl.o(.data)
 <LI><a href="#[e]">appl_mesh_proxy_data_out_ccd_cb</a> from blebrr_pl.o(i.appl_mesh_proxy_data_out_ccd_cb) referenced 2 times from blebrr_pl.o(.data)
 <LI><a href="#[4a]">bleMesh_ProcessEvent</a> from blemesh.o(i.bleMesh_ProcessEvent) referenced from osal_blemesh.o(_section_sram_code_)
 <LI><a href="#[ab]">blebrr_adv_send</a> from blebrr.o(i.blebrr_adv_send) referenced from blebrr.o(i.blebrr_register)
 <LI><a href="#[ac]">blebrr_adv_sleep</a> from blebrr.o(i.blebrr_adv_sleep) referenced from blebrr.o(i.blebrr_register)
 <LI><a href="#[ad]">blebrr_adv_wakeup</a> from blebrr.o(i.blebrr_adv_wakeup) referenced from blebrr.o(i.blebrr_register)
 <LI><a href="#[ae]">blebrr_advscan_timeout_handler</a> from blebrr.o(i.blebrr_advscan_timeout_handler) referenced from blebrr.o(i.blebrr_timer_start)
 <LI><a href="#[aa]">blebrr_gatt_send</a> from blebrr_gatt.o(i.blebrr_gatt_send) referenced from blebrr_gatt.o(i.blebrr_pl_gatt_connection)
 <LI><a href="#[a9]">blebrr_lp_mode</a> from blebrr.o(i.blebrr_lp_mode) referenced from blebrr.o(i.blebrr_lp_mode)
 <LI><a href="#[a9]">blebrr_lp_mode</a> from blebrr.o(i.blebrr_lp_mode) referenced from blebrr.o(i.blebrr_lp_start)
 <LI><a href="#[8f]">brr_read_data_ind</a> from libethermind_mesh_core.lib(i.brr_read_data_ind) referenced from libethermind_mesh_core.lib(i.MS_brr_add_bearer)
 <LI><a href="#[de]">cli_demo_help</a> from cli_model.o(i.cli_demo_help) referenced from blemesh.o(.constdata)
 <LI><a href="#[e3]">cli_demo_reset</a> from cli_model.o(i.cli_demo_reset) referenced from blemesh.o(.constdata)
 <LI><a href="#[e2]">cli_group_select</a> from cli_model.o(i.cli_group_select) referenced from blemesh.o(.constdata)
 <LI><a href="#[e4]">cli_internal_status</a> from cli_model.o(i.cli_internal_status) referenced from blemesh.o(.constdata)
 <LI><a href="#[e1]">cli_off</a> from cli_model.o(i.cli_off) referenced from blemesh.o(.constdata)
 <LI><a href="#[e0]">cli_on</a> from cli_model.o(i.cli_on) referenced from blemesh.o(.constdata)
 <LI><a href="#[df]">cli_start</a> from cli_model.o(i.cli_start) referenced from blemesh.o(.constdata)
 <LI><a href="#[64]">config_RTC1</a> from patch.o(i.config_RTC1) referenced from patch.o(_section_xip_code_)
 <LI><a href="#[90]">config_server_cb</a> from libethermind_mesh_core.lib(i.config_server_cb) referenced from libethermind_mesh_core.lib(i.MS_config_server_init)
 <LI><a href="#[ca]">cry_generate_random_bytes</a> from cry.o(i.cry_generate_random_bytes) referenced from cry.o(i.phyplus_ecdh_init)
 <LI><a href="#[da]">devInfo_ReadAttrCB</a> from devinfoservice.o(i.devInfo_ReadAttrCB) referenced from devinfoservice.o(.constdata)
 <LI><a href="#[63]">enterSleepProcess1</a> from patch.o(i.enterSleepProcess1) referenced from patch.o(_section_xip_code_)
 <LI><a href="#[a6]">fputc</a> from em_platform.o(i.fputc) referenced from printfa.o(i.__0vprintf)
 <LI><a href="#[2c]">gapCancelLinkReq</a> from gap_centlinkmgr.o(i.gapCancelLinkReq) referenced 2 times from gap_centdevmgr.o(.data)
 <LI><a href="#[2a]">gapCentProcessHCICmdEvt</a> from gap_centdevmgr.o(i.gapCentProcessHCICmdEvt) referenced 2 times from gap_centdevmgr.o(.data)
 <LI><a href="#[2e]">gapPeriProcessHCICmdCompleteEvt</a> from gap_peridevmgr.o(i.gapPeriProcessHCICmdCompleteEvt) referenced 2 times from gap_peridevmgr.o(.data)
 <LI><a href="#[2f]">gapProcessAdvertisingEvt</a> from gap_peridevmgr.o(i.gapProcessAdvertisingEvt) referenced 2 times from gap_peridevmgr.o(.data)
 <LI><a href="#[2d]">gapProcessConnEvt</a> from gap_centdevmgr.o(i.gapProcessConnEvt) referenced 2 times from gap_centdevmgr.o(.data)
 <LI><a href="#[2b]">gapProcessScanningEvt</a> from gap_centdevmgr.o(i.gapProcessScanningEvt) referenced 2 times from gap_centdevmgr.o(.data)
 <LI><a href="#[30]">gapSetAdvParams</a> from gap_peridevmgr.o(i.gapSetAdvParams) referenced 2 times from gap_peridevmgr.o(.data)
 <LI><a href="#[8a]">gattClientHandleConnStatusCB</a> from gatt_client.o(i.gattClientHandleConnStatusCB) referenced from gatt_client.o(i.GATT_InitClient)
 <LI><a href="#[b3]">gattClientHandleTimerCB</a> from gatt_client.o(i.gattClientHandleTimerCB) referenced from gatt_client.o(i.gattStoreClientInfo)
 <LI><a href="#[89]">gattClientProcessMsgCB</a> from gatt_client.o(i.gattClientProcessMsgCB) referenced from gatt_client.o(i.GATT_InitClient)
 <LI><a href="#[f4]">gattProcessExchangeMTUReq</a> from gatt_server.o(i.gattProcessExchangeMTUReq) referenced from gatt_server.o(.constdata)
 <LI><a href="#[105]">gattProcessExecuteWriteReq</a> from gatt_server.o(i.gattProcessExecuteWriteReq) referenced from gatt_server.o(.constdata)
 <LI><a href="#[f8]">gattProcessFindByTypeValueReq</a> from gatt_server.o(i.gattProcessFindByTypeValueReq) referenced from gatt_server.o(.constdata)
 <LI><a href="#[f6]">gattProcessFindInfoReq</a> from gatt_server.o(i.gattProcessFindInfoReq) referenced from gatt_server.o(.constdata)
 <LI><a href="#[100]">gattProcessReadByGrpTypeReq</a> from gatt_server.o(i.gattProcessReadByGrpTypeReq) referenced from gatt_server.o(.constdata)
 <LI><a href="#[fa]">gattProcessReadByTypeReq</a> from gatt_server.o(i.gattProcessReadByTypeReq) referenced from gatt_server.o(.constdata)
 <LI><a href="#[ff]">gattProcessReadMultiReq</a> from gatt_server.o(i.gattProcessReadMultiReq) referenced from gatt_server.o(.constdata)
 <LI><a href="#[fc]">gattProcessReadReq</a> from gatt_server.o(i.gattProcessReadReq) referenced 2 times from gatt_server.o(.constdata)
 <LI><a href="#[102]">gattProcessWriteReq</a> from gatt_server.o(i.gattProcessWriteReq) referenced 2 times from gatt_server.o(.constdata)
 <LI><a href="#[87]">gattServApp_HandleConnStatusCB</a> from gattservapp.o(i.gattServApp_HandleConnStatusCB) referenced from gattservapp.o(i.GATTServApp_Init)
 <LI><a href="#[db]">gattServApp_WriteAttrCB</a> from gattservapp.o(i.gattServApp_WriteAttrCB) referenced from gattservapp.o(.constdata)
 <LI><a href="#[8c]">gattServerHandleConnStatusCB</a> from gatt_server.o(i.gattServerHandleConnStatusCB) referenced from gatt_server.o(i.GATT_InitServer)
 <LI><a href="#[8b]">gattServerProcessMsgCB</a> from gatt_server.o(i.gattServerProcessMsgCB) referenced from gatt_server.o(i.GATT_InitServer)
 <LI><a href="#[91]">generic_onoff_client_cb</a> from libethermind_mesh_models.lib(i.generic_onoff_client_cb) referenced from libethermind_mesh_models.lib(i.MS_generic_onoff_client_init)
 <LI><a href="#[dc]">ggs_ReadAttrCB</a> from gapgattserver.o(i.ggs_ReadAttrCB) referenced from gapgattserver.o(.constdata)
 <LI><a href="#[dd]">ggs_WriteAttrCB</a> from gapgattserver.o(i.ggs_WriteAttrCB) referenced from gapgattserver.o(.constdata)
 <LI><a href="#[51]">hal_UART0_IRQHandler</a> from uart.o(i.hal_UART0_IRQHandler) referenced from uart.o(i.uart_hw_init)
 <LI><a href="#[51]">hal_UART0_IRQHandler</a> from uart.o(i.hal_UART0_IRQHandler) referenced from jump_table.o(jump_table_mem_area)
 <LI><a href="#[d9]">hal_UART1_IRQHandler</a> from uart.o(i.hal_UART1_IRQHandler) referenced from uart.o(i.uart_hw_init)
 <LI><a href="#[b5]">hal_gpio_sleep_handler</a> from gpio.o(i.hal_gpio_sleep_handler) referenced from gpio.o(i.hal_gpio_init)
 <LI><a href="#[b4]">hal_gpio_wakeup_handler</a> from gpio.o(i.hal_gpio_wakeup_handler) referenced from gpio.o(i.hal_gpio_init)
 <LI><a href="#[4d]">hal_pwrmgr_sleep_process</a> from pwrmgr.o(i.hal_pwrmgr_sleep_process) referenced from jump_table.o(jump_table_mem_area)
 <LI><a href="#[4e]">hal_pwrmgr_wakeup_process</a> from pwrmgr.o(i.hal_pwrmgr_wakeup_process) referenced from jump_table.o(jump_table_mem_area)
 <LI><a href="#[50]">hard_fault</a> from jump_table.o(.emb_text) referenced from jump_table.o(jump_table_mem_area)
 <LI><a href="#[b8]">health_server_attention_timeout_handler</a> from libethermind_mesh_core.lib(i.health_server_attention_timeout_handler) referenced from libethermind_mesh_core.lib(i.health_server_attention_timeout_handler)
 <LI><a href="#[b8]">health_server_attention_timeout_handler</a> from libethermind_mesh_core.lib(i.health_server_attention_timeout_handler) referenced from libethermind_mesh_core.lib(i.health_server_set_attention)
 <LI><a href="#[92]">health_server_cb</a> from libethermind_mesh_core.lib(i.health_server_cb) referenced from libethermind_mesh_core.lib(i.MS_health_server_init)
 <LI><a href="#[93]">health_server_publish_timout_cb</a> from libethermind_mesh_core.lib(i.health_server_publish_timout_cb) referenced from libethermind_mesh_core.lib(i.MS_health_server_init)
 <LI><a href="#[36]">hw_spif_cache_config</a> from flash.o(i.hw_spif_cache_config) referenced from flash.o(i.hal_spif_cache_init)
 <LI><a href="#[7]">keyboard_bsp_btn_callback</a> from blemesh.o(i.keyboard_bsp_btn_callback) referenced 2 times from blemesh.o(.data)
 <LI><a href="#[ba]">keyboard_sleep_handler</a> from keyboard.o(_section_sram_code_) referenced from keyboard.o(i.keyboard_register)
 <LI><a href="#[b9]">keyboard_wakeup_handler</a> from keyboard.o(_section_sram_code_) referenced from keyboard.o(i.keyboard_register)
 <LI><a href="#[67]">l2capPocessFragmentTxData</a> from l2cap_util.o(_section_sram_code_) referenced from patch.o(_section_xip_code_)
 <LI><a href="#[94]">light_hsl_client_cb</a> from libethermind_mesh_models.lib(i.light_hsl_client_cb) referenced from libethermind_mesh_models.lib(i.MS_light_hsl_client_init)
 <LI><a href="#[41]">llCalcMaxScanTime1</a> from patch.o(i.llCalcMaxScanTime1) referenced from patch.o(i.ll_patch_mesh)
 <LI><a href="#[58]">llConnTerminate1</a> from patch.o(_func_xip_code_.llConnTerminate1) referenced from patch.o(_func_xip_code_.ll_patch_mesh_slave)
 <LI><a href="#[57]">llProcessSlaveControlPacket1</a> from patch.o(i.llProcessSlaveControlPacket1) referenced from patch.o(_func_xip_code_.ll_patch_mesh_slave)
 <LI><a href="#[59]">llProcessSlaveControlProcedures1</a> from patch.o(_func_xip_code_.llProcessSlaveControlProcedures1) referenced from patch.o(_func_xip_code_.ll_patch_mesh_slave)
 <LI><a href="#[69]">llProcessTxData1</a> from patch.o(i.llProcessTxData1) referenced from patch.o(_section_xip_code_)
 <LI><a href="#[72]">llReleaseConnId1</a> from patch.o(i.llReleaseConnId1) referenced from patch.o(_section_xip_code_)
 <LI><a href="#[37]">llSecAdvAllow1</a> from patch.o(i.llSecAdvAllow1) referenced from patch.o(i.ll_patch_mesh)
 <LI><a href="#[54]">llSetupAdv1</a> from patch.o(i.llSetupAdv1) referenced from patch.o(_func_xip_code_.ll_patch_mesh_slave)
 <LI><a href="#[56]">llSetupNextSlaveEvent1</a> from patch.o(i.llSetupNextSlaveEvent1) referenced from patch.o(_func_xip_code_.ll_patch_mesh_slave)
 <LI><a href="#[40]">llSetupScan1</a> from patch.o(i.llSetupScan1) referenced from patch.o(i.ll_patch_mesh)
 <LI><a href="#[38]">llSetupSecAdvEvt1</a> from patch.o(_func_xip_code_.llSetupSecAdvEvt1) referenced from patch.o(i.ll_patch_mesh)
 <LI><a href="#[3f]">llSetupSecScan1</a> from patch.o(i.llSetupSecScan1) referenced from patch.o(i.ll_patch_mesh)
 <LI><a href="#[6e]">llSlaveEvt_TaskEndOk1</a> from patch.o(i.llSlaveEvt_TaskEndOk1) referenced from patch.o(_section_xip_code_)
 <LI><a href="#[70]">llWriteTxData1</a> from patch.o(i.llWriteTxData1) referenced from patch.o(_section_xip_code_)
 <LI><a href="#[5a]">ll_adptive_adj_next_time1</a> from patch.o(i.ll_adptive_adj_next_time1) referenced from patch.o(_func_xip_code_.ll_patch_mesh_slave)
 <LI><a href="#[6a]">ll_generateTxBuffer1</a> from patch.o(i.ll_generateTxBuffer1) referenced from patch.o(_section_xip_code_)
 <LI><a href="#[5c]">ll_hw_go1</a> from patch.o(i.ll_hw_go1) referenced from patch.o(_section_xip_code_)
 <LI><a href="#[6f]">ll_hw_read_tfifo_rtlp1</a> from patch.o(i.ll_hw_read_tfifo_rtlp1) referenced from patch.o(_section_xip_code_)
 <LI><a href="#[3d]">ll_processBasicIRQ_SRX0</a> from patch.o(i.ll_processBasicIRQ_SRX0) referenced from patch.o(i.ll_patch_mesh)
 <LI><a href="#[3e]">ll_processBasicIRQ_ScanTRX0</a> from patch.o(i.ll_processBasicIRQ_ScanTRX0) referenced from patch.o(i.ll_patch_mesh)
 <LI><a href="#[3a]">ll_processBasicIRQ_secondaryAdvTRX0</a> from patch.o(i.ll_processBasicIRQ_secondaryAdvTRX0) referenced from patch.o(i.ll_patch_mesh)
 <LI><a href="#[42]">ll_processBasicIRQ_secondaryScanSRX0</a> from patch.o(i.ll_processBasicIRQ_secondaryScanSRX0) referenced from patch.o(i.ll_patch_mesh)
 <LI><a href="#[75]">ll_read_rxfifo1</a> from patch.o(i.ll_read_rxfifo1) referenced from patch.o(_section_xip_code_)
 <LI><a href="#[39]">ll_scheduler_singleconn</a> from patch.o(i.ll_scheduler_singleconn) referenced from patch.o(i.ll_patch_mesh)
 <LI><a href="#[bc]">ltrn_ack_timeout_handler</a> from libethermind_mesh_core.lib(i.ltrn_ack_timeout_handler) referenced from libethermind_mesh_core.lib(i.ltrn_sar_start_ack_timer)
 <LI><a href="#[bb]">ltrn_incomplete_timeout_handler</a> from libethermind_mesh_core.lib(i.ltrn_incomplete_timeout_handler) referenced from libethermind_mesh_core.lib(i.ltrn_sar_restart_incomplete_timer)
 <LI><a href="#[c1]">ltrn_pkt_in</a> from libethermind_mesh_core.lib(i.ltrn_pkt_in) referenced from libethermind_mesh_core.lib(i.ms_ltrn_init)
 <LI><a href="#[bd]">ltrn_rtx_timeout_handler</a> from libethermind_mesh_core.lib(i.ltrn_rtx_timeout_handler) referenced from libethermind_mesh_core.lib(i.ltrn_sar_transmit_segments)
 <LI><a href="#[32]">main</a> from main.o(i.main) referenced from entry9a.o(.ARM.Collect$$$$0000000B)
 <LI><a href="#[be]">mesh_prov_handle_conn</a> from mesh_services.o(i.mesh_prov_handle_conn) referenced from mesh_services.o(i.mesh_prov_init)
 <LI><a href="#[e6]">mesh_prov_write_cb</a> from mesh_services.o(i.mesh_prov_write_cb) referenced from mesh_services.o(.constdata)
 <LI><a href="#[bf]">mesh_proxy_handle_conn</a> from mesh_services.o(i.mesh_proxy_handle_conn) referenced from mesh_services.o(i.mesh_proxy_init)
 <LI><a href="#[e7]">mesh_proxy_write_cb</a> from mesh_services.o(i.mesh_proxy_write_cb) referenced from mesh_services.o(.constdata)
 <LI><a href="#[55]">move_to_slave_function1</a> from patch.o(i.move_to_slave_function1) referenced from patch.o(_func_xip_code_.ll_patch_mesh_slave)
 <LI><a href="#[95]">ms_iv_update_timeout_handler</a> from libethermind_mesh_core.lib(i.ms_iv_update_timeout_handler) referenced from libethermind_mesh_core.lib(i.MS_net_start_iv_update_timer)
 <LI><a href="#[95]">ms_iv_update_timeout_handler</a> from libethermind_mesh_core.lib(i.ms_iv_update_timeout_handler) referenced from libethermind_mesh_core.lib(i.ms_iv_update_timeout_handler)
 <LI><a href="#[18]">ms_load_appkeys</a> from access_ps.o(i.ms_load_appkeys) referenced 2 times from access_ps.o(.data)
 <LI><a href="#[16]">ms_load_dev_key</a> from access_ps.o(i.ms_load_dev_key) referenced 2 times from access_ps.o(.data)
 <LI><a href="#[1a]">ms_load_element_addresses</a> from access_ps.o(i.ms_load_element_addresses) referenced 2 times from access_ps.o(.data)
 <LI><a href="#[10]">ms_load_elements</a> from access_ps.o(i.ms_load_elements) referenced 2 times from access_ps.o(.data)
 <LI><a href="#[12]">ms_load_models</a> from access_ps.o(i.ms_load_models) referenced 2 times from access_ps.o(.data)
 <LI><a href="#[1e]">ms_load_non_virtual_addresses</a> from access_ps.o(i.ms_load_non_virtual_addresses) referenced 2 times from access_ps.o(.data)
 <LI><a href="#[24]">ms_load_provisioner_address</a> from access_ps.o(i.ms_load_provisioner_address) referenced 2 times from access_ps.o(.data)
 <LI><a href="#[26]">ms_load_proxy_filter_address</a> from access_ps.o(i.ms_load_proxy_filter_address) referenced 2 times from access_ps.o(.data)
 <LI><a href="#[20]">ms_load_seq_number</a> from access_ps.o(i.ms_load_seq_number) referenced 2 times from access_ps.o(.data)
 <LI><a href="#[14]">ms_load_subnets</a> from access_ps.o(i.ms_load_subnets) referenced 2 times from access_ps.o(.data)
 <LI><a href="#[22]">ms_load_tx_states_and_features</a> from access_ps.o(i.ms_load_tx_states_and_features) referenced 2 times from access_ps.o(.data)
 <LI><a href="#[1c]">ms_load_virtual_addresses</a> from access_ps.o(i.ms_load_virtual_addresses) referenced 2 times from access_ps.o(.data)
 <LI><a href="#[97]">ms_prov_beacon_interleave</a> from libethermind_mesh_core.lib(i.ms_prov_beacon_interleave) referenced from libethermind_mesh_core.lib(i.MS_prov_setup)
 <LI><a href="#[97]">ms_prov_beacon_interleave</a> from libethermind_mesh_core.lib(i.ms_prov_beacon_interleave) referenced from libethermind_mesh_core.lib(i.ms_prov_beacon_interleave)
 <LI><a href="#[96]">ms_snb_timeout_handler</a> from libethermind_mesh_core.lib(i.ms_snb_timeout_handler) referenced from libethermind_mesh_core.lib(i.MS_net_start_snb_timer)
 <LI><a href="#[17]">ms_store_appkeys</a> from access_ps.o(i.ms_store_appkeys) referenced 2 times from access_ps.o(.data)
 <LI><a href="#[15]">ms_store_dev_key</a> from access_ps.o(i.ms_store_dev_key) referenced 2 times from access_ps.o(.data)
 <LI><a href="#[19]">ms_store_element_addresses</a> from access_ps.o(i.ms_store_element_addresses) referenced 2 times from access_ps.o(.data)
 <LI><a href="#[f]">ms_store_elements</a> from access_ps.o(i.ms_store_elements) referenced 2 times from access_ps.o(.data)
 <LI><a href="#[11]">ms_store_models</a> from access_ps.o(i.ms_store_models) referenced 2 times from access_ps.o(.data)
 <LI><a href="#[1d]">ms_store_non_virtual_addresses</a> from access_ps.o(i.ms_store_non_virtual_addresses) referenced 2 times from access_ps.o(.data)
 <LI><a href="#[23]">ms_store_provisioner_address</a> from access_ps.o(i.ms_store_provisioner_address) referenced 2 times from access_ps.o(.data)
 <LI><a href="#[25]">ms_store_proxy_filter_address</a> from access_ps.o(i.ms_store_proxy_filter_address) referenced 2 times from access_ps.o(.data)
 <LI><a href="#[1f]">ms_store_seq_number</a> from access_ps.o(i.ms_store_seq_number) referenced 2 times from access_ps.o(.data)
 <LI><a href="#[13]">ms_store_subnets</a> from access_ps.o(i.ms_store_subnets) referenced 2 times from access_ps.o(.data)
 <LI><a href="#[21]">ms_store_tx_states_and_features</a> from access_ps.o(i.ms_store_tx_states_and_features) referenced 2 times from access_ps.o(.data)
 <LI><a href="#[1b]">ms_store_virtual_addresses</a> from access_ps.o(i.ms_store_virtual_addresses) referenced 2 times from access_ps.o(.data)
 <LI><a href="#[c2]">net_handle_secure_beacon</a> from libethermind_mesh_core.lib(i.net_handle_secure_beacon) referenced from libethermind_mesh_core.lib(i.ms_net_init)
 <LI><a href="#[98]">net_proxy_netid_timeout_handler</a> from libethermind_mesh_core.lib(i.net_proxy_netid_timeout_handler) referenced from libethermind_mesh_core.lib(i.MS_proxy_server_adv_start)
 <LI><a href="#[98]">net_proxy_netid_timeout_handler</a> from libethermind_mesh_core.lib(i.net_proxy_netid_timeout_handler) referenced from libethermind_mesh_core.lib(i.net_proxy_netid_timeout_handler)
 <LI><a href="#[99]">net_proxy_nodeid_timeout_handler</a> from libethermind_mesh_core.lib(i.net_proxy_nodeid_timeout_handler) referenced from libethermind_mesh_core.lib(i.MS_proxy_server_adv_start)
 <LI><a href="#[99]">net_proxy_nodeid_timeout_handler</a> from libethermind_mesh_core.lib(i.net_proxy_nodeid_timeout_handler) referenced from libethermind_mesh_core.lib(i.net_proxy_nodeid_timeout_handler)
 <LI><a href="#[c7]">net_tx_timeout_handler</a> from libethermind_mesh_core.lib(i.net_tx_timeout_handler) referenced from libethermind_mesh_core.lib(i.net_trigger_tx)
 <LI><a href="#[c8]">netif_adv_recv_cb</a> from libethermind_mesh_core.lib(i.netif_adv_recv_cb) referenced from libethermind_mesh_core.lib(i.netif_init)
 <LI><a href="#[c9]">netif_gatt_recv_cb</a> from libethermind_mesh_core.lib(i.netif_gatt_recv_cb) referenced from libethermind_mesh_core.lib(i.netif_init)
 <LI><a href="#[4]">normal_key_change_event</a> from bsp_button_task.o(i.normal_key_change_event) referenced 2 times from bsp_button_task.o(.data)
 <LI><a href="#[5]">normal_key_polling_event</a> from bsp_button_task.o(i.normal_key_polling_event) referenced 2 times from bsp_button_task.o(.data)
 <LI><a href="#[6]">normal_key_retore_event</a> from bsp_button_task.o(i.normal_key_retore_event) referenced 2 times from bsp_button_task.o(.data)
 <LI><a href="#[4c]">osalInitTasks</a> from osal_blemesh.o(i.osalInitTasks) referenced from jump_table.o(jump_table_mem_area)
 <LI><a href="#[4b]">osal_CbTimerProcessEvent</a> from bb_rom_sym_m0.txt(ABSOLUTE) referenced from osal_blemesh.o(_section_sram_code_)
 <LI><a href="#[6d]">osal_idle_task0</a> from patch.o(i.osal_idle_task0) referenced from patch.o(_section_xip_code_)
 <LI><a href="#[e8]">prov_access_state_handler</a> from libethermind_mesh_core.lib(i.prov_access_state_handler) referenced from libethermind_mesh_core.lib(.constdata)
 <LI><a href="#[c3]">prov_adv_recv_cb</a> from libethermind_mesh_core.lib(i.prov_adv_recv_cb) referenced from libethermind_mesh_core.lib(i.ms_prov_init)
 <LI><a href="#[ce]">prov_complete_timeout_handler</a> from libethermind_mesh_core.lib(i.prov_complete_timeout_handler) referenced from libethermind_mesh_core.lib(i.se_prov_complete_handler)
 <LI><a href="#[c4]">prov_gatt_recv_cb</a> from libethermind_mesh_core.lib(i.prov_gatt_recv_cb) referenced from libethermind_mesh_core.lib(i.ms_prov_init)
 <LI><a href="#[c5]">prov_handle_unprovisioned_beacon</a> from libethermind_mesh_core.lib(i.prov_handle_unprovisioned_beacon) referenced from libethermind_mesh_core.lib(i.ms_prov_init)
 <LI><a href="#[cc]">prov_link_ack_timeout_handler</a> from libethermind_mesh_core.lib(i.prov_link_ack_timeout_handler) referenced from libethermind_mesh_core.lib(i.prov_handle_adv_message)
 <LI><a href="#[cc]">prov_link_ack_timeout_handler</a> from libethermind_mesh_core.lib(i.prov_link_ack_timeout_handler) referenced from libethermind_mesh_core.lib(i.prov_link_open)
 <LI><a href="#[cb]">prov_pdu_ack_timeout_handler</a> from libethermind_mesh_core.lib(i.prov_pdu_ack_timeout_handler) referenced from libethermind_mesh_core.lib(i.prov_framensend_pb_adv_pdu)
 <LI><a href="#[cd]">prov_proc_timeout_handler</a> from libethermind_mesh_core.lib(i.prov_proc_timeout_handler) referenced from libethermind_mesh_core.lib(i.prov_restart_proc_timer)
 <LI><a href="#[5e]">rf_calibrate1</a> from rf_phy_driver.o(i.rf_calibrate1) referenced from patch.o(_section_xip_code_)
 <LI><a href="#[5f]">rf_phy_change_cfg0</a> from rf_phy_driver.o(i.rf_phy_change_cfg0) referenced from patch.o(_section_xip_code_)
 <LI><a href="#[4f]">rf_phy_ini</a> from rf_phy_driver.o(i.rf_phy_ini) referenced from jump_table.o(jump_table_mem_area)
 <LI><a href="#[9a]">scene_client_cb</a> from libethermind_mesh_models.lib(i.scene_client_cb) referenced from libethermind_mesh_models.lib(i.MS_scene_client_init)
 <LI><a href="#[eb]">se_prov_capabilities_handler</a> from libethermind_mesh_core.lib(i.se_prov_capabilities_handler) referenced from libethermind_mesh_core.lib(.constdata)
 <LI><a href="#[f2]">se_prov_complete_handler</a> from libethermind_mesh_core.lib(i.se_prov_complete_handler) referenced from libethermind_mesh_core.lib(.constdata)
 <LI><a href="#[ef]">se_prov_confirmation_handler</a> from libethermind_mesh_core.lib(i.se_prov_confirmation_handler) referenced from libethermind_mesh_core.lib(.constdata)
 <LI><a href="#[f1]">se_prov_data_handler</a> from libethermind_mesh_core.lib(i.se_prov_data_handler) referenced from libethermind_mesh_core.lib(.constdata)
 <LI><a href="#[ea]">se_prov_error_handler</a> from libethermind_mesh_core.lib(i.se_prov_error_handler) referenced 9 times from libethermind_mesh_core.lib(.constdata)
 <LI><a href="#[ee]">se_prov_inputcom_handler</a> from libethermind_mesh_core.lib(i.se_prov_inputcom_handler) referenced from libethermind_mesh_core.lib(.constdata)
 <LI><a href="#[e9]">se_prov_invite_handler</a> from libethermind_mesh_core.lib(i.se_prov_invite_handler) referenced from libethermind_mesh_core.lib(.constdata)
 <LI><a href="#[ed]">se_prov_pubkey_handler</a> from libethermind_mesh_core.lib(i.se_prov_pubkey_handler) referenced from libethermind_mesh_core.lib(.constdata)
 <LI><a href="#[f0]">se_prov_random_handler</a> from libethermind_mesh_core.lib(i.se_prov_random_handler) referenced from libethermind_mesh_core.lib(.constdata)
 <LI><a href="#[ec]">se_prov_start_handler</a> from libethermind_mesh_core.lib(i.se_prov_start_handler) referenced from libethermind_mesh_core.lib(.constdata)
 <LI><a href="#[af]">snb_timeout_handler</a> from libethermind_mesh_core.lib(i.snb_timeout_handler) referenced from libethermind_mesh_core.lib(i.config_start_snb_timer)
 <LI><a href="#[9c]">timeout_cb</a> from appl_sample_mesh_switch.o(i.timeout_cb) referenced from appl_sample_mesh_switch.o(i.UI_app_config_server_callback)
 <LI><a href="#[9c]">timeout_cb</a> from appl_sample_mesh_switch.o(i.timeout_cb) referenced from appl_sample_mesh_switch.o(i.UI_gatt_iface_event_pl_cb)
 <LI><a href="#[9c]">timeout_cb</a> from appl_sample_mesh_switch.o(i.timeout_cb) referenced from appl_sample_mesh_switch.o(i.UI_prov_callback)
 <LI><a href="#[9c]">timeout_cb</a> from appl_sample_mesh_switch.o(i.timeout_cb) referenced from appl_sample_mesh_switch.o(i.UI_provcfg_complete_timeout_handler)
 <LI><a href="#[9c]">timeout_cb</a> from appl_sample_mesh_switch.o(i.timeout_cb) referenced from appl_sample_mesh_switch.o(i.appl_mesh_sample)
 <LI><a href="#[9c]">timeout_cb</a> from appl_sample_mesh_switch.o(i.timeout_cb) referenced from cli_model.o(i.cli_demo_reset)
 <LI><a href="#[cf]">timer_timeout_handler</a> from em_timer.o(i.timer_timeout_handler) referenced from em_timer.o(i.timer_add_entity)
 <LI><a href="#[d0]">trn_frndclear_retry_timeout_handler</a> from libethermind_mesh_core.lib(i.trn_frndclear_retry_timeout_handler) referenced from libethermind_mesh_core.lib(i.trn_frndclear)
 <LI><a href="#[d5]">trn_frndpoll_rsp_handler</a> from libethermind_mesh_core.lib(i.trn_frndpoll_rsp_handler) referenced from libethermind_mesh_core.lib(i.trn_handle_frnd_poll)
 <LI><a href="#[d4]">trn_frndpoll_send_handler</a> from libethermind_mesh_core.lib(i.trn_frndpoll_send_handler) referenced from libethermind_mesh_core.lib(i.trn_frndrx_window_timeout_handler)
 <LI><a href="#[d4]">trn_frndpoll_send_handler</a> from libethermind_mesh_core.lib(i.trn_frndpoll_send_handler) referenced from libethermind_mesh_core.lib(i.trn_handle_frnd_update)
 <LI><a href="#[d2]">trn_frndpoll_timeout_handler</a> from libethermind_mesh_core.lib(i.trn_frndpoll_timeout_handler) referenced from libethermind_mesh_core.lib(i.trn_frndpoll_rsp_handler)
 <LI><a href="#[d2]">trn_frndpoll_timeout_handler</a> from libethermind_mesh_core.lib(i.trn_frndpoll_timeout_handler) referenced from libethermind_mesh_core.lib(i.trn_frndreq_rsp_handler)
 <LI><a href="#[d2]">trn_frndpoll_timeout_handler</a> from libethermind_mesh_core.lib(i.trn_frndpoll_timeout_handler) referenced from libethermind_mesh_core.lib(i.trn_handle_frnd_subscription_list_add_remove)
 <LI><a href="#[d6]">trn_frndreq_rsp_handler</a> from libethermind_mesh_core.lib(i.trn_frndreq_rsp_handler) referenced from libethermind_mesh_core.lib(i.trn_handle_frnd_req)
 <LI><a href="#[d1]">trn_frndrx_delay_timeout_handler</a> from libethermind_mesh_core.lib(i.trn_frndrx_delay_timeout_handler) referenced from libethermind_mesh_core.lib(i.trn_frndpoll)
 <LI><a href="#[d3]">trn_frndrx_window_timeout_handler</a> from libethermind_mesh_core.lib(i.trn_frndrx_window_timeout_handler) referenced from libethermind_mesh_core.lib(i.trn_frndrx_delay_timeout_handler)
 <LI><a href="#[c6]">trn_pkt_in</a> from libethermind_mesh_core.lib(i.trn_pkt_in) referenced from libethermind_mesh_core.lib(i.ms_trn_init)
 <LI><a href="#[d7]">trn_pub_timeout_handler</a> from libethermind_mesh_core.lib(i.trn_pub_timeout_handler) referenced from libethermind_mesh_core.lib(i.trn_start_heartbeat_pub_timer)
 <LI><a href="#[d8]">trn_sub_timeout_handler</a> from libethermind_mesh_core.lib(i.trn_sub_timeout_handler) referenced from libethermind_mesh_core.lib(i.trn_start_heartbeat_sub_timer)
 <LI><a href="#[b7]">uart_wakeup_process_0</a> from uart.o(i.uart_wakeup_process_0) referenced from uart.o(i.hal_uart_init)
 <LI><a href="#[b6]">uart_wakeup_process_1</a> from uart.o(i.uart_wakeup_process_1) referenced from uart.o(i.hal_uart_init)
 <LI><a href="#[9b]">vendor_example_client_cb</a> from appl_sample_mesh_switch.o(i.vendor_example_client_cb) referenced from appl_sample_mesh_switch.o(i.MS_vendor_example_client_init)
 <LI><a href="#[66]">wakeupProcess1</a> from patch.o(i.wakeupProcess1) referenced from patch.o(_section_xip_code_)
 <LI><a href="#[65]">wakeup_init1</a> from patch.o(i.wakeup_init1) referenced from patch.o(_section_xip_code_)
</UL>
<P>
<H3>
Global Symbols
</H3>
<P><STRONG><a name="[546]"></a>P256_ecdh_keygen</STRONG> (Thumb, 0 bytes, Stack size 0 bytes, bb_rom_sym_m0.txt(ABSOLUTE))
<BR><BR>[Called By]<UL><LI><a href="#[467]">&gt;&gt;</a>&nbsp;&nbsp;&nbsp;phyplus_ecdh_init (via Veneer)
</UL>

<P><STRONG><a name="[545]"></a>P256_ecdh_shared_secret</STRONG> (Thumb, 0 bytes, Stack size 0 bytes, bb_rom_sym_m0.txt(ABSOLUTE))
<BR><BR>[Called By]<UL><LI><a href="#[465]">&gt;&gt;</a>&nbsp;&nbsp;&nbsp;phyplus_ecdh_generate_secret (via Veneer)
</UL>

<P><STRONG><a name="[1af]"></a>__aeabi_uidivmod</STRONG> (Thumb, 0 bytes, Stack size 0 bytes, bb_rom_sym_m0.txt(ABSOLUTE))
<BR><BR>[Called By]<UL><LI><a href="#[4f0]">&gt;&gt;</a>&nbsp;&nbsp;&nbsp;number (via Veneer)
<LI><a href="#[4c9]">&gt;&gt;</a>&nbsp;&nbsp;&nbsp;uart_hw_init (via Veneer)
<LI><a href="#[4a3]">&gt;&gt;</a>&nbsp;&nbsp;&nbsp;gattServApp_ProcessReadByTypeReq (via Veneer)
<LI><a href="#[4a5]">&gt;&gt;</a>&nbsp;&nbsp;&nbsp;gattServApp_ProcessReadByGrpTypeReq (via Veneer)
<LI><a href="#[279]">&gt;&gt;</a>&nbsp;&nbsp;&nbsp;EM_stop_timer (via Veneer)
<LI><a href="#[b2]">&gt;&gt;</a>&nbsp;&nbsp;&nbsp;ATT_ParseReadByTypeRsp (via Veneer)
<LI><a href="#[88]">&gt;&gt;</a>&nbsp;&nbsp;&nbsp;ATT_ParseFindInfoRsp (via Veneer)
<LI><a href="#[1ad]">&gt;&gt;</a>&nbsp;&nbsp;&nbsp;llGenerateNextBackoffCount1 (via Veneer)
<LI><a href="#[4df]">&gt;&gt;</a>&nbsp;&nbsp;&nbsp;l2capPktToSegmentBuff (via Veneer)
<LI><a href="#[66]">&gt;&gt;</a>&nbsp;&nbsp;&nbsp;wakeupProcess1 (via Veneer)
<LI><a href="#[5a]">&gt;&gt;</a>&nbsp;&nbsp;&nbsp;ll_adptive_adj_next_time1 (via Veneer)
<LI><a href="#[20b]">&gt;&gt;</a>&nbsp;&nbsp;&nbsp;LL_ConnUpdate1 (via Veneer)
<LI><a href="#[3c8]">&gt;&gt;</a>&nbsp;&nbsp;&nbsp;_printf_core (via Veneer)
<LI><a href="#[46e]">&gt;&gt;</a>&nbsp;&nbsp;&nbsp;frnd_verify_request_criteria (via Veneer)
<LI><a href="#[37b]">&gt;&gt;</a>&nbsp;&nbsp;&nbsp;MS_trn_get_lpn_polltimeout (via Veneer)
<LI><a href="#[35c]">&gt;&gt;</a>&nbsp;&nbsp;&nbsp;ltrn_send_seg_pdu (via Veneer)
<LI><a href="#[54e]">&gt;&gt;</a>&nbsp;&nbsp;&nbsp;prov_framensend_pb_adv_pdu (via Veneer)
</UL>

<P><STRONG><a name="[1c1]"></a>__aeabi_memcpy</STRONG> (Thumb, 0 bytes, Stack size 0 bytes, bb_rom_sym_m0.txt(ABSOLUTE))
<BR><BR>[Called By]<UL><LI><a href="#[4b3]">&gt;&gt;</a>&nbsp;&nbsp;&nbsp;kscan_compare_key (via Veneer)
<LI><a href="#[4ca]">&gt;&gt;</a>&nbsp;&nbsp;&nbsp;txmit_buf_use_tx_buf (via Veneer)
<LI><a href="#[2d0]">&gt;&gt;</a>&nbsp;&nbsp;&nbsp;GGS_SetParameter (via Veneer)
<LI><a href="#[3ac]">&gt;&gt;</a>&nbsp;&nbsp;&nbsp;light_reflash (via Veneer)
<LI><a href="#[407]">&gt;&gt;</a>&nbsp;&nbsp;&nbsp;blebrr_handle_evt_adv_report (via Veneer)
<LI><a href="#[40f]">&gt;&gt;</a>&nbsp;&nbsp;&nbsp;blebrr_bcon_send (via Veneer)
<LI><a href="#[3c0]">&gt;&gt;</a>&nbsp;&nbsp;&nbsp;blebrr_set_adv_scanrsp_data_pl (via Veneer)
<LI><a href="#[3d3]">&gt;&gt;</a>&nbsp;&nbsp;&nbsp;aes_ccm_encr_start (via Veneer)
<LI><a href="#[3d6]">&gt;&gt;</a>&nbsp;&nbsp;&nbsp;aes_ccm_auth_start (via Veneer)
<LI><a href="#[3d2]">&gt;&gt;</a>&nbsp;&nbsp;&nbsp;aes_encrypt_init (via Veneer)
<LI><a href="#[336]">&gt;&gt;</a>&nbsp;&nbsp;&nbsp;MS_access_send_pdu (via Veneer)
<LI><a href="#[277]">&gt;&gt;</a>&nbsp;&nbsp;&nbsp;EM_start_timer (via Veneer)
<LI><a href="#[371]">&gt;&gt;</a>&nbsp;&nbsp;&nbsp;MS_prov_setup (via Veneer)
<LI><a href="#[36f]">&gt;&gt;</a>&nbsp;&nbsp;&nbsp;MS_prov_set_authval (via Veneer)
<LI><a href="#[368]">&gt;&gt;</a>&nbsp;&nbsp;&nbsp;MS_prov_bind (via Veneer)
<LI><a href="#[55e]">&gt;&gt;</a>&nbsp;&nbsp;&nbsp;prov_read_static_oob_auth_pl (via Veneer)
<LI><a href="#[55d]">&gt;&gt;</a>&nbsp;&nbsp;&nbsp;prov_read_device_oob_pubkey_pl (via Veneer)
<LI><a href="#[362]">&gt;&gt;</a>&nbsp;&nbsp;&nbsp;cry_aes_128_cmac (via Veneer)
<LI><a href="#[460]">&gt;&gt;</a>&nbsp;&nbsp;&nbsp;cry_aes_128_ccm_encrypt (via Veneer)
<LI><a href="#[410]">&gt;&gt;</a>&nbsp;&nbsp;&nbsp;blebrr_send (via Veneer)
<LI><a href="#[1b]">&gt;&gt;</a>&nbsp;&nbsp;&nbsp;ms_store_virtual_addresses (via Veneer)
<LI><a href="#[21]">&gt;&gt;</a>&nbsp;&nbsp;&nbsp;ms_store_tx_states_and_features (via Veneer)
<LI><a href="#[13]">&gt;&gt;</a>&nbsp;&nbsp;&nbsp;ms_store_subnets (via Veneer)
<LI><a href="#[1f]">&gt;&gt;</a>&nbsp;&nbsp;&nbsp;ms_store_seq_number (via Veneer)
<LI><a href="#[25]">&gt;&gt;</a>&nbsp;&nbsp;&nbsp;ms_store_proxy_filter_address (via Veneer)
<LI><a href="#[23]">&gt;&gt;</a>&nbsp;&nbsp;&nbsp;ms_store_provisioner_address (via Veneer)
<LI><a href="#[1d]">&gt;&gt;</a>&nbsp;&nbsp;&nbsp;ms_store_non_virtual_addresses (via Veneer)
<LI><a href="#[11]">&gt;&gt;</a>&nbsp;&nbsp;&nbsp;ms_store_models (via Veneer)
<LI><a href="#[f]">&gt;&gt;</a>&nbsp;&nbsp;&nbsp;ms_store_elements (via Veneer)
<LI><a href="#[19]">&gt;&gt;</a>&nbsp;&nbsp;&nbsp;ms_store_element_addresses (via Veneer)
<LI><a href="#[15]">&gt;&gt;</a>&nbsp;&nbsp;&nbsp;ms_store_dev_key (via Veneer)
<LI><a href="#[17]">&gt;&gt;</a>&nbsp;&nbsp;&nbsp;ms_store_appkeys (via Veneer)
<LI><a href="#[a4]">&gt;&gt;</a>&nbsp;&nbsp;&nbsp;UI_vendor_example_client_cb (via Veneer)
<LI><a href="#[70]">&gt;&gt;</a>&nbsp;&nbsp;&nbsp;llWriteTxData1 (via Veneer)
<LI><a href="#[3dc]">&gt;&gt;</a>&nbsp;&nbsp;&nbsp;aes_cmac_generate_subkeys (via Veneer)
<LI><a href="#[3e1]">&gt;&gt;</a>&nbsp;&nbsp;&nbsp;aes_cmac_finalize_mac (via Veneer)
<LI><a href="#[30d]">&gt;&gt;</a>&nbsp;&nbsp;&nbsp;MS_access_cm_get_subnet_privacy_key (via Veneer)
<LI><a href="#[30c]">&gt;&gt;</a>&nbsp;&nbsp;&nbsp;MS_access_cm_get_subnet_network_id (via Veneer)
<LI><a href="#[30a]">&gt;&gt;</a>&nbsp;&nbsp;&nbsp;MS_access_cm_get_subnet_encryption_key (via Veneer)
<LI><a href="#[309]">&gt;&gt;</a>&nbsp;&nbsp;&nbsp;MS_access_cm_get_subnet_beacon_key (via Veneer)
<LI><a href="#[2ed]">&gt;&gt;</a>&nbsp;&nbsp;&nbsp;MS_access_cm_get_netkey_at_offset (via Veneer)
<LI><a href="#[533]">&gt;&gt;</a>&nbsp;&nbsp;&nbsp;net_tx_enqueue (via Veneer)
<LI><a href="#[367]">&gt;&gt;</a>&nbsp;&nbsp;&nbsp;net_pkt_send (via Veneer)
<LI><a href="#[313]">&gt;&gt;</a>&nbsp;&nbsp;&nbsp;MS_access_cm_lookup_nid (via Veneer)
<LI><a href="#[30f]">&gt;&gt;</a>&nbsp;&nbsp;&nbsp;MS_access_cm_lookup_network_id (via Veneer)
<LI><a href="#[529]">&gt;&gt;</a>&nbsp;&nbsp;&nbsp;net_decode_frame (via Veneer)
<LI><a href="#[528]">&gt;&gt;</a>&nbsp;&nbsp;&nbsp;net_create_pecb_input (via Veneer)
<LI><a href="#[2ec]">&gt;&gt;</a>&nbsp;&nbsp;&nbsp;MS_access_cm_add_friend_sec_credential (via Veneer)
<LI><a href="#[564]">&gt;&gt;</a>&nbsp;&nbsp;&nbsp;trn_update_lpn_ack (via Veneer)
<LI><a href="#[568]">&gt;&gt;</a>&nbsp;&nbsp;&nbsp;trn_get_from_queue (via Veneer)
<LI><a href="#[562]">&gt;&gt;</a>&nbsp;&nbsp;&nbsp;trn_add_to_queuelet (via Veneer)
<LI><a href="#[314]">&gt;&gt;</a>&nbsp;&nbsp;&nbsp;MS_trn_get_frndship_info (via Veneer)
<LI><a href="#[385]">&gt;&gt;</a>&nbsp;&nbsp;&nbsp;trn_frame_secure_pdu (via Veneer)
<LI><a href="#[56f]">&gt;&gt;</a>&nbsp;&nbsp;&nbsp;trn_handle_frnd_subscription_list_add_remove (via Veneer)
<LI><a href="#[30e]">&gt;&gt;</a>&nbsp;&nbsp;&nbsp;MS_access_cm_lookup_aid (via Veneer)
<LI><a href="#[565]">&gt;&gt;</a>&nbsp;&nbsp;&nbsp;trn_frame_decrypt_pdu (via Veneer)
<LI><a href="#[507]">&gt;&gt;</a>&nbsp;&nbsp;&nbsp;ltrn_sar_transmit_segment (via Veneer)
<LI><a href="#[35c]">&gt;&gt;</a>&nbsp;&nbsp;&nbsp;ltrn_send_seg_pdu (via Veneer)
<LI><a href="#[35a]">&gt;&gt;</a>&nbsp;&nbsp;&nbsp;MS_ltrn_send_pdu (via Veneer)
<LI><a href="#[4f3]">&gt;&gt;</a>&nbsp;&nbsp;&nbsp;ltrn_handle_seg_pdu (via Veneer)
<LI><a href="#[346]">&gt;&gt;</a>&nbsp;&nbsp;&nbsp;MS_brr_start_proxy_adv (via Veneer)
<LI><a href="#[345]">&gt;&gt;</a>&nbsp;&nbsp;&nbsp;MS_brr_start_priv_proxy_adv (via Veneer)
<LI><a href="#[342]">&gt;&gt;</a>&nbsp;&nbsp;&nbsp;MS_brr_send_pdu (via Veneer)
<LI><a href="#[340]">&gt;&gt;</a>&nbsp;&nbsp;&nbsp;MS_brr_bcast_unprovisioned_beacon (via Veneer)
<LI><a href="#[8f]">&gt;&gt;</a>&nbsp;&nbsp;&nbsp;brr_read_data_ind (via Veneer)
<LI><a href="#[34b]">&gt;&gt;</a>&nbsp;&nbsp;&nbsp;MS_init (via Veneer)
<LI><a href="#[457]">&gt;&gt;</a>&nbsp;&nbsp;&nbsp;config_model_subscription_overwrite_handler (via Veneer)
<LI><a href="#[455]">&gt;&gt;</a>&nbsp;&nbsp;&nbsp;config_model_subscription_delete_handler (via Veneer)
<LI><a href="#[453]">&gt;&gt;</a>&nbsp;&nbsp;&nbsp;config_model_subscription_add_handler (via Veneer)
<LI><a href="#[452]">&gt;&gt;</a>&nbsp;&nbsp;&nbsp;config_model_publication_set_handler (via Veneer)
<LI><a href="#[450]">&gt;&gt;</a>&nbsp;&nbsp;&nbsp;config_model_app_get_handler (via Veneer)
<LI><a href="#[44d]">&gt;&gt;</a>&nbsp;&nbsp;&nbsp;config_model_app_bind_unbind_handler (via Veneer)
<LI><a href="#[43f]">&gt;&gt;</a>&nbsp;&nbsp;&nbsp;config_appkey_add_update_delete_handler (via Veneer)
<LI><a href="#[553]">&gt;&gt;</a>&nbsp;&nbsp;&nbsp;prov_handle_gatt_message (via Veneer)
<LI><a href="#[548]">&gt;&gt;</a>&nbsp;&nbsp;&nbsp;prov_handle_adv_message (via Veneer)
<LI><a href="#[54e]">&gt;&gt;</a>&nbsp;&nbsp;&nbsp;prov_framensend_pb_adv_pdu (via Veneer)
<LI><a href="#[c5]">&gt;&gt;</a>&nbsp;&nbsp;&nbsp;prov_handle_unprovisioned_beacon (via Veneer)
<LI><a href="#[554]">&gt;&gt;</a>&nbsp;&nbsp;&nbsp;prov_generate_authkeys (via Veneer)
<LI><a href="#[549]">&gt;&gt;</a>&nbsp;&nbsp;&nbsp;prov_calc_confirm (via Veneer)
<LI><a href="#[ec]">&gt;&gt;</a>&nbsp;&nbsp;&nbsp;se_prov_start_handler (via Veneer)
<LI><a href="#[f0]">&gt;&gt;</a>&nbsp;&nbsp;&nbsp;se_prov_random_handler (via Veneer)
<LI><a href="#[ed]">&gt;&gt;</a>&nbsp;&nbsp;&nbsp;se_prov_pubkey_handler (via Veneer)
<LI><a href="#[e9]">&gt;&gt;</a>&nbsp;&nbsp;&nbsp;se_prov_invite_handler (via Veneer)
<LI><a href="#[f1]">&gt;&gt;</a>&nbsp;&nbsp;&nbsp;se_prov_data_handler (via Veneer)
<LI><a href="#[ef]">&gt;&gt;</a>&nbsp;&nbsp;&nbsp;se_prov_confirmation_handler (via Veneer)
<LI><a href="#[eb]">&gt;&gt;</a>&nbsp;&nbsp;&nbsp;se_prov_capabilities_handler (via Veneer)
<LI><a href="#[36c]">&gt;&gt;</a>&nbsp;&nbsp;&nbsp;prov_link_open (via Veneer)
<LI><a href="#[310]">&gt;&gt;</a>&nbsp;&nbsp;&nbsp;ms_stbx_k3 (via Veneer)
<LI><a href="#[2ef]">&gt;&gt;</a>&nbsp;&nbsp;&nbsp;ms_stbx_k2 (via Veneer)
<LI><a href="#[2f2]">&gt;&gt;</a>&nbsp;&nbsp;&nbsp;ms_search_and_add_virtual_address (via Veneer)
<LI><a href="#[2f5]">&gt;&gt;</a>&nbsp;&nbsp;&nbsp;ms_access_cm_update_key_refresh_phase (via Veneer)
<LI><a href="#[2f4]">&gt;&gt;</a>&nbsp;&nbsp;&nbsp;ms_access_cm_save_netkey_at_offset (via Veneer)
<LI><a href="#[50a]">&gt;&gt;</a>&nbsp;&nbsp;&nbsp;ms_access_cm_friend_credentials_refresh (via Veneer)
<LI><a href="#[509]">&gt;&gt;</a>&nbsp;&nbsp;&nbsp;ms_access_cm_create_keys_from_netkey (via Veneer)
<LI><a href="#[508]">&gt;&gt;</a>&nbsp;&nbsp;&nbsp;ms_access_cm_appkey_refresh (via Veneer)
<LI><a href="#[32b]">&gt;&gt;</a>&nbsp;&nbsp;&nbsp;MS_access_cm_update_delete_appkey (via Veneer)
<LI><a href="#[2eb]">&gt;&gt;</a>&nbsp;&nbsp;&nbsp;MS_access_cm_add_device_key (via Veneer)
<LI><a href="#[2e8]">&gt;&gt;</a>&nbsp;&nbsp;&nbsp;MS_access_cm_add_appkey (via Veneer)
<LI><a href="#[30b]">&gt;&gt;</a>&nbsp;&nbsp;&nbsp;MS_access_cm_get_subnet_identity_key (via Veneer)
<LI><a href="#[375]">&gt;&gt;</a>&nbsp;&nbsp;&nbsp;net_proxy_nodeid_adv (via Veneer)
</UL>

<P><STRONG><a name="[194]"></a>__aeabi_memcpy4</STRONG> (Thumb, 0 bytes, Stack size 0 bytes, bb_rom_sym_m0.txt(ABSOLUTE))
<BR><BR>[Called By]<UL><LI><a href="#[193]">&gt;&gt;</a>&nbsp;&nbsp;&nbsp;hal_low_power_io_init (via Veneer)
<LI><a href="#[107]">&gt;&gt;</a>&nbsp;&nbsp;&nbsp;hal_KSCAN_IRQHandler (via Veneer)
<LI><a href="#[1a0]">&gt;&gt;</a>&nbsp;&nbsp;&nbsp;hal_pwrmgr_unregister (via Veneer)
<LI><a href="#[278]">&gt;&gt;</a>&nbsp;&nbsp;&nbsp;timer_add_entity (via Veneer)
<LI><a href="#[467]">&gt;&gt;</a>&nbsp;&nbsp;&nbsp;phyplus_ecdh_init (via Veneer)
<LI><a href="#[33f]">&gt;&gt;</a>&nbsp;&nbsp;&nbsp;MS_brr_add_bearer (via Veneer)
<LI><a href="#[54a]">&gt;&gt;</a>&nbsp;&nbsp;&nbsp;prov_procedure_complete (via Veneer)
<LI><a href="#[2f8]">&gt;&gt;</a>&nbsp;&nbsp;&nbsp;bitarray_get_lowest_bit_set (via Veneer)
</UL>

<P><STRONG><a name="[53c]"></a>__aeabi_memset</STRONG> (Thumb, 0 bytes, Stack size 0 bytes, bb_rom_sym_m0.txt(ABSOLUTE))
<BR><BR>[Called By]<UL><LI><a href="#[521]">&gt;&gt;</a>&nbsp;&nbsp;&nbsp;netif_init (via Veneer)
</UL>

<P><STRONG><a name="[305]"></a>__aeabi_memclr</STRONG> (Thumb, 0 bytes, Stack size 0 bytes, bb_rom_sym_m0.txt(ABSOLUTE))
<BR><BR>[Called By]<UL><LI><a href="#[3c0]">&gt;&gt;</a>&nbsp;&nbsp;&nbsp;blebrr_set_adv_scanrsp_data_pl (via Veneer)
<LI><a href="#[3d6]">&gt;&gt;</a>&nbsp;&nbsp;&nbsp;aes_ccm_auth_start (via Veneer)
<LI><a href="#[23e]">&gt;&gt;</a>&nbsp;&nbsp;&nbsp;MS_access_cm_reset (via Veneer)
<LI><a href="#[324]">&gt;&gt;</a>&nbsp;&nbsp;&nbsp;MS_access_cm_set_prov_data (via Veneer)
<LI><a href="#[3c6]">&gt;&gt;</a>&nbsp;&nbsp;&nbsp;UI_vendormodel_client_send_reliable_pdu (via Veneer)
<LI><a href="#[528]">&gt;&gt;</a>&nbsp;&nbsp;&nbsp;net_create_pecb_input (via Veneer)
<LI><a href="#[350]">&gt;&gt;</a>&nbsp;&nbsp;&nbsp;ms_trn_init (via Veneer)
<LI><a href="#[351]">&gt;&gt;</a>&nbsp;&nbsp;&nbsp;ms_access_init (via Veneer)
<LI><a href="#[50c]">&gt;&gt;</a>&nbsp;&nbsp;&nbsp;ms_access_cm_init_dev_key_table (via Veneer)
<LI><a href="#[322]">&gt;&gt;</a>&nbsp;&nbsp;&nbsp;MS_access_cm_set_model_publication (via Veneer)
<LI><a href="#[304]">&gt;&gt;</a>&nbsp;&nbsp;&nbsp;MS_access_cm_get_model_publication (via Veneer)
<LI><a href="#[50b]">&gt;&gt;</a>&nbsp;&nbsp;&nbsp;ms_access_cm_init (via Veneer)
<LI><a href="#[535]">&gt;&gt;</a>&nbsp;&nbsp;&nbsp;net_proxy_server_set_filter (via Veneer)
</UL>

<P><STRONG><a name="[199]"></a>__aeabi_memclr4</STRONG> (Thumb, 0 bytes, Stack size 0 bytes, bb_rom_sym_m0.txt(ABSOLUTE))
<BR><BR>[Called By]<UL><LI><a href="#[40e]">&gt;&gt;</a>&nbsp;&nbsp;&nbsp;hal_uart_init (via Veneer)
<LI><a href="#[198]">&gt;&gt;</a>&nbsp;&nbsp;&nbsp;hal_pwrmgr_init (via Veneer)
<LI><a href="#[1ee]">&gt;&gt;</a>&nbsp;&nbsp;&nbsp;hal_gpio_init (via Veneer)
<LI><a href="#[179]">&gt;&gt;</a>&nbsp;&nbsp;&nbsp;LL_InitConnectContext (via Veneer)
<LI><a href="#[40d]">&gt;&gt;</a>&nbsp;&nbsp;&nbsp;hal_uart_deinit (via Veneer)
<LI><a href="#[3a6]">&gt;&gt;</a>&nbsp;&nbsp;&nbsp;appl_dump_bytes (via Veneer)
<LI><a href="#[23e]">&gt;&gt;</a>&nbsp;&nbsp;&nbsp;MS_access_cm_reset (via Veneer)
<LI><a href="#[343]">&gt;&gt;</a>&nbsp;&nbsp;&nbsp;MS_brr_remove_bearer (via Veneer)
<LI><a href="#[1b]">&gt;&gt;</a>&nbsp;&nbsp;&nbsp;ms_store_virtual_addresses (via Veneer)
<LI><a href="#[13]">&gt;&gt;</a>&nbsp;&nbsp;&nbsp;ms_store_subnets (via Veneer)
<LI><a href="#[25]">&gt;&gt;</a>&nbsp;&nbsp;&nbsp;ms_store_proxy_filter_address (via Veneer)
<LI><a href="#[1d]">&gt;&gt;</a>&nbsp;&nbsp;&nbsp;ms_store_non_virtual_addresses (via Veneer)
<LI><a href="#[11]">&gt;&gt;</a>&nbsp;&nbsp;&nbsp;ms_store_models (via Veneer)
<LI><a href="#[f]">&gt;&gt;</a>&nbsp;&nbsp;&nbsp;ms_store_elements (via Veneer)
<LI><a href="#[15]">&gt;&gt;</a>&nbsp;&nbsp;&nbsp;ms_store_dev_key (via Veneer)
<LI><a href="#[17]">&gt;&gt;</a>&nbsp;&nbsp;&nbsp;ms_store_appkeys (via Veneer)
<LI><a href="#[d4]">&gt;&gt;</a>&nbsp;&nbsp;&nbsp;trn_frndpoll_send_handler (via Veneer)
<LI><a href="#[37a]">&gt;&gt;</a>&nbsp;&nbsp;&nbsp;frnd_clear_lpn_element (via Veneer)
<LI><a href="#[37e]">&gt;&gt;</a>&nbsp;&nbsp;&nbsp;MS_trn_lpn_clear_friendship (via Veneer)
<LI><a href="#[387]">&gt;&gt;</a>&nbsp;&nbsp;&nbsp;MS_trn_set_heartbeat_publication (via Veneer)
<LI><a href="#[4fd]">&gt;&gt;</a>&nbsp;&nbsp;&nbsp;ltrn_init_sar_contexts (via Veneer)
<LI><a href="#[326]">&gt;&gt;</a>&nbsp;&nbsp;&nbsp;ltrn_init_replay_cache (via Veneer)
<LI><a href="#[4f2]">&gt;&gt;</a>&nbsp;&nbsp;&nbsp;ltrn_alloc_replay_cache (via Veneer)
<LI><a href="#[350]">&gt;&gt;</a>&nbsp;&nbsp;&nbsp;ms_trn_init (via Veneer)
<LI><a href="#[34e]">&gt;&gt;</a>&nbsp;&nbsp;&nbsp;ms_net_init (via Veneer)
<LI><a href="#[355]">&gt;&gt;</a>&nbsp;&nbsp;&nbsp;ms_common_init_transition_timer (via Veneer)
<LI><a href="#[34d]">&gt;&gt;</a>&nbsp;&nbsp;&nbsp;ms_brr_init (via Veneer)
<LI><a href="#[351]">&gt;&gt;</a>&nbsp;&nbsp;&nbsp;ms_access_init (via Veneer)
<LI><a href="#[452]">&gt;&gt;</a>&nbsp;&nbsp;&nbsp;config_model_publication_set_handler (via Veneer)
<LI><a href="#[451]">&gt;&gt;</a>&nbsp;&nbsp;&nbsp;config_model_publication_get_handler (via Veneer)
<LI><a href="#[349]">&gt;&gt;</a>&nbsp;&nbsp;&nbsp;MS_health_server_init (via Veneer)
<LI><a href="#[553]">&gt;&gt;</a>&nbsp;&nbsp;&nbsp;prov_handle_gatt_message (via Veneer)
<LI><a href="#[c5]">&gt;&gt;</a>&nbsp;&nbsp;&nbsp;prov_handle_unprovisioned_beacon (via Veneer)
<LI><a href="#[f0]">&gt;&gt;</a>&nbsp;&nbsp;&nbsp;se_prov_random_handler (via Veneer)
<LI><a href="#[ed]">&gt;&gt;</a>&nbsp;&nbsp;&nbsp;se_prov_pubkey_handler (via Veneer)
<LI><a href="#[f1]">&gt;&gt;</a>&nbsp;&nbsp;&nbsp;se_prov_data_handler (via Veneer)
<LI><a href="#[ef]">&gt;&gt;</a>&nbsp;&nbsp;&nbsp;se_prov_confirmation_handler (via Veneer)
<LI><a href="#[36c]">&gt;&gt;</a>&nbsp;&nbsp;&nbsp;prov_link_open (via Veneer)
<LI><a href="#[36a]">&gt;&gt;</a>&nbsp;&nbsp;&nbsp;prov_free_context (via Veneer)
<LI><a href="#[369]">&gt;&gt;</a>&nbsp;&nbsp;&nbsp;prov_alloc_context (via Veneer)
<LI><a href="#[2f6]">&gt;&gt;</a>&nbsp;&nbsp;&nbsp;bitarray_reset_all (via Veneer)
<LI><a href="#[50b]">&gt;&gt;</a>&nbsp;&nbsp;&nbsp;ms_access_cm_init (via Veneer)
</UL>

<P><STRONG><a name="[3ae]"></a>strlen</STRONG> (Thumb, 0 bytes, Stack size 0 bytes, bb_rom_sym_m0.txt(ABSOLUTE))
<BR><BR>[Called By]<UL><LI><a href="#[df]">&gt;&gt;</a>&nbsp;&nbsp;&nbsp;cli_start (via Veneer)
<LI><a href="#[e2]">&gt;&gt;</a>&nbsp;&nbsp;&nbsp;cli_group_select (via Veneer)
<LI><a href="#[a1]">&gt;&gt;</a>&nbsp;&nbsp;&nbsp;UI_prov_callback (via Veneer)
</UL>

<P><STRONG><a name="[132]"></a>strcmp</STRONG> (Thumb, 0 bytes, Stack size 0 bytes, bb_rom_sym_m0.txt(ABSOLUTE))
<BR><BR>[Called By]<UL><LI><a href="#[131]">&gt;&gt;</a>&nbsp;&nbsp;&nbsp;CLI_process_line_manual (via Veneer)
</UL>

<P><STRONG><a name="[2e9]"></a>memcmp</STRONG> (Thumb, 0 bytes, Stack size 0 bytes, bb_rom_sym_m0.txt(ABSOLUTE))
<BR><BR>[Called By]<UL><LI><a href="#[3d1]">&gt;&gt;</a>&nbsp;&nbsp;&nbsp;aes_ccm_ad (via Veneer)
<LI><a href="#[3bc]">&gt;&gt;</a>&nbsp;&nbsp;&nbsp;UI_sample_check_app_key (via Veneer)
<LI><a href="#[2f3]">&gt;&gt;</a>&nbsp;&nbsp;&nbsp;MS_access_cm_add_update_netkey (via Veneer)
<LI><a href="#[362]">&gt;&gt;</a>&nbsp;&nbsp;&nbsp;cry_aes_128_cmac (via Veneer)
<LI><a href="#[3bb]">&gt;&gt;</a>&nbsp;&nbsp;&nbsp;UI_sample_binding_app_key (via Veneer)
<LI><a href="#[3e1]">&gt;&gt;</a>&nbsp;&nbsp;&nbsp;aes_cmac_finalize_mac (via Veneer)
<LI><a href="#[30f]">&gt;&gt;</a>&nbsp;&nbsp;&nbsp;MS_access_cm_lookup_network_id (via Veneer)
<LI><a href="#[54c]">&gt;&gt;</a>&nbsp;&nbsp;&nbsp;prov_findcontext_by_uuid (via Veneer)
<LI><a href="#[54b]">&gt;&gt;</a>&nbsp;&nbsp;&nbsp;prov_findcontext_by_brr (via Veneer)
<LI><a href="#[549]">&gt;&gt;</a>&nbsp;&nbsp;&nbsp;prov_calc_confirm (via Veneer)
<LI><a href="#[f1]">&gt;&gt;</a>&nbsp;&nbsp;&nbsp;se_prov_data_handler (via Veneer)
<LI><a href="#[2ff]">&gt;&gt;</a>&nbsp;&nbsp;&nbsp;ms_search_virtual_address_on_label (via Veneer)
<LI><a href="#[2f2]">&gt;&gt;</a>&nbsp;&nbsp;&nbsp;ms_search_and_add_virtual_address (via Veneer)
<LI><a href="#[302]">&gt;&gt;</a>&nbsp;&nbsp;&nbsp;MS_access_cm_get_appkey_handle (via Veneer)
<LI><a href="#[2e8]">&gt;&gt;</a>&nbsp;&nbsp;&nbsp;MS_access_cm_add_appkey (via Veneer)
</UL>

<P><STRONG><a name="[138]"></a>__aeabi_uread4</STRONG> (Thumb, 0 bytes, Stack size 0 bytes, bb_rom_sym_m0.txt(ABSOLUTE))
<BR><BR>[Called By]<UL><LI><a href="#[61]">&gt;&gt;</a>&nbsp;&nbsp;&nbsp;LL_ENC_Encrypt1 (via Veneer)
<LI><a href="#[62]">&gt;&gt;</a>&nbsp;&nbsp;&nbsp;LL_ENC_Decrypt1 (via Veneer)
</UL>

<P><STRONG><a name="[20f]"></a>HCI_CommandCompleteEvent</STRONG> (Thumb, 0 bytes, Stack size 0 bytes, bb_rom_sym_m0.txt(ABSOLUTE))
<BR><BR>[Called By]<UL><LI><a href="#[20d]">&gt;&gt;</a>&nbsp;&nbsp;&nbsp;HCI_LE_SetRandomAddressCmd (via Veneer)
</UL>

<P><STRONG><a name="[20c]"></a>HCI_CommandStatusEvent</STRONG> (Thumb, 0 bytes, Stack size 0 bytes, bb_rom_sym_m0.txt(ABSOLUTE))
<BR><BR>[Called By]<UL><LI><a href="#[20a]">&gt;&gt;</a>&nbsp;&nbsp;&nbsp;HCI_LE_ConnUpdateCmd (via Veneer)
</UL>

<P><STRONG><a name="[2a2]"></a>HCI_DisconnectCmd</STRONG> (Thumb, 0 bytes, Stack size 0 bytes, bb_rom_sym_m0.txt(ABSOLUTE))
<BR><BR>[Called By]<UL><LI><a href="#[260]">&gt;&gt;</a>&nbsp;&nbsp;&nbsp;GAP_TerminateLinkReq (via Veneer)
<LI><a href="#[2a0]">&gt;&gt;</a>&nbsp;&nbsp;&nbsp;disconnectNext (via Veneer)
</UL>

<P><STRONG><a name="[292]"></a>HCI_GAPTaskRegister</STRONG> (Thumb, 0 bytes, Stack size 0 bytes, bb_rom_sym_m0.txt(ABSOLUTE))
<BR><BR>[Called By]<UL><LI><a href="#[1f5]">&gt;&gt;</a>&nbsp;&nbsp;&nbsp;GAP_Init (via Veneer)
</UL>

<P><STRONG><a name="[2d7]"></a>HCI_HostNumCompletedPktCmd</STRONG> (Thumb, 0 bytes, Stack size 0 bytes, bb_rom_sym_m0.txt(ABSOLUTE))
<BR><BR>[Called By]<UL><LI><a href="#[2bc]">&gt;&gt;</a>&nbsp;&nbsp;&nbsp;L2CAP_HostNumCompletedPkts (via Veneer)
</UL>

<P><STRONG><a name="[1f3]"></a>HCI_Init</STRONG> (Thumb, 0 bytes, Stack size 0 bytes, bb_rom_sym_m0.txt(ABSOLUTE))
<BR><BR>[Called By]<UL><LI><a href="#[4c]">&gt;&gt;</a>&nbsp;&nbsp;&nbsp;osalInitTasks (via Veneer)
</UL>

<P><STRONG><a name="[2d8]"></a>HCI_L2CAPTaskRegister</STRONG> (Thumb, 0 bytes, Stack size 0 bytes, bb_rom_sym_m0.txt(ABSOLUTE))
<BR><BR>[Called By]<UL><LI><a href="#[1f4]">&gt;&gt;</a>&nbsp;&nbsp;&nbsp;L2CAP_Init (via Veneer)
</UL>

<P><STRONG><a name="[46f]"></a>HCI_LE_CreateConnCancelCmd</STRONG> (Thumb, 0 bytes, Stack size 0 bytes, bb_rom_sym_m0.txt(ABSOLUTE))
<BR><BR>[Called By]<UL><LI><a href="#[2c]">&gt;&gt;</a>&nbsp;&nbsp;&nbsp;gapCancelLinkReq (via Veneer)
</UL>

<P><STRONG><a name="[48d]"></a>HCI_LE_ReadBufSizeCmd</STRONG> (Thumb, 0 bytes, Stack size 0 bytes, bb_rom_sym_m0.txt(ABSOLUTE))
<BR><BR>[Called By]<UL><LI><a href="#[488]">&gt;&gt;</a>&nbsp;&nbsp;&nbsp;gapReadBD_ADDRStatus (via Veneer)
</UL>

<P><STRONG><a name="[2a3]"></a>HCI_LE_SetAdvDataCmd</STRONG> (Thumb, 0 bytes, Stack size 0 bytes, bb_rom_sym_m0.txt(ABSOLUTE))
<BR><BR>[Called By]<UL><LI><a href="#[267]">&gt;&gt;</a>&nbsp;&nbsp;&nbsp;GAP_UpdateAdvertisingData (via Veneer)
</UL>

<P><STRONG><a name="[291]"></a>HCI_LE_SetAdvEnableCmd</STRONG> (Thumb, 0 bytes, Stack size 0 bytes, bb_rom_sym_m0.txt(ABSOLUTE))
<BR><BR>[Called By]<UL><LI><a href="#[263]">&gt;&gt;</a>&nbsp;&nbsp;&nbsp;GAP_EndDiscoverable (via Veneer)
<LI><a href="#[475]">&gt;&gt;</a>&nbsp;&nbsp;&nbsp;gapSetAdvParamsStatus (via Veneer)
</UL>

<P><STRONG><a name="[491]"></a>HCI_LE_SetAdvParamCmd</STRONG> (Thumb, 0 bytes, Stack size 0 bytes, bb_rom_sym_m0.txt(ABSOLUTE))
<BR><BR>[Called By]<UL><LI><a href="#[30]">&gt;&gt;</a>&nbsp;&nbsp;&nbsp;gapSetAdvParams (via Veneer)
</UL>

<P><STRONG><a name="[48f]"></a>HCI_LE_SetScanEnableCmd</STRONG> (Thumb, 0 bytes, Stack size 0 bytes, bb_rom_sym_m0.txt(ABSOLUTE))
<BR><BR>[Called By]<UL><LI><a href="#[28f]">&gt;&gt;</a>&nbsp;&nbsp;&nbsp;gapSendScanEnable (via Veneer)
</UL>

<P><STRONG><a name="[290]"></a>HCI_LE_SetScanParamCmd</STRONG> (Thumb, 0 bytes, Stack size 0 bytes, bb_rom_sym_m0.txt(ABSOLUTE))
<BR><BR>[Called By]<UL><LI><a href="#[269]">&gt;&gt;</a>&nbsp;&nbsp;&nbsp;GAP_DeviceDiscoveryRequest (via Veneer)
</UL>

<P><STRONG><a name="[2a4]"></a>HCI_LE_SetScanRspDataCmd</STRONG> (Thumb, 0 bytes, Stack size 0 bytes, bb_rom_sym_m0.txt(ABSOLUTE))
<BR><BR>[Called By]<UL><LI><a href="#[267]">&gt;&gt;</a>&nbsp;&nbsp;&nbsp;GAP_UpdateAdvertisingData (via Veneer)
</UL>

<P><STRONG><a name="[44]"></a>HCI_ProcessEvent</STRONG> (Thumb, 0 bytes, Stack size 0 bytes, bb_rom_sym_m0.txt(ABSOLUTE), UNUSED)
<BR>[Address Reference Count : 1]<UL><LI> osal_blemesh.o(_section_sram_code_)
</UL>
<P><STRONG><a name="[297]"></a>HCI_ReadBDADDRCmd</STRONG> (Thumb, 0 bytes, Stack size 0 bytes, bb_rom_sym_m0.txt(ABSOLUTE))
<BR><BR>[Called By]<UL><LI><a href="#[296]">&gt;&gt;</a>&nbsp;&nbsp;&nbsp;GAP_ParamsInit (via Veneer)
</UL>

<P><STRONG><a name="[12a]"></a>HCI_SendDataPkt</STRONG> (Thumb, 0 bytes, Stack size 0 bytes, bb_rom_sym_m0.txt(ABSOLUTE))
<BR><BR>[Called By]<UL><LI><a href="#[129]">&gt;&gt;</a>&nbsp;&nbsp;&nbsp;L2CAP_Fragment_SendDataPkt (via Veneer)
</UL>

<P><STRONG><a name="[489]"></a>HCI_ValidConnTimeParams</STRONG> (Thumb, 0 bytes, Stack size 0 bytes, bb_rom_sym_m0.txt(ABSOLUTE))
<BR><BR>[Called By]<UL><LI><a href="#[478]">&gt;&gt;</a>&nbsp;&nbsp;&nbsp;gapProcessL2CAPSignalEvt (via Veneer)
</UL>

<P><STRONG><a name="[2e3]"></a>HCI_bm_alloc</STRONG> (Thumb, 0 bytes, Stack size 0 bytes, bb_rom_sym_m0.txt(ABSOLUTE))
<BR><BR>[Called By]<UL><LI><a href="#[2e2]">&gt;&gt;</a>&nbsp;&nbsp;&nbsp;L2CAP_bm_alloc (via Veneer)
</UL>

<P><STRONG><a name="[134]"></a>LL_AdvReportCback</STRONG> (Thumb, 0 bytes, Stack size 0 bytes, bb_rom_sym_m0.txt(ABSOLUTE))
<BR><BR>[Called By]<UL><LI><a href="#[133]">&gt;&gt;</a>&nbsp;&nbsp;&nbsp;LL_AdvReportCback_Patch (via Veneer)
</UL>

<P><STRONG><a name="[210]"></a>LL_ConnActive</STRONG> (Thumb, 0 bytes, Stack size 0 bytes, bb_rom_sym_m0.txt(ABSOLUTE))
<BR><BR>[Called By]<UL><LI><a href="#[20b]">&gt;&gt;</a>&nbsp;&nbsp;&nbsp;LL_ConnUpdate1 (via Veneer)
</UL>

<P><STRONG><a name="[240]"></a>LL_CreateConnCancel0</STRONG> (Thumb, 0 bytes, Stack size 0 bytes, bb_rom_sym_m0.txt(ABSOLUTE), UNUSED)
<BR><BR>[Called By]<UL><LI><a href="#[23f]">&gt;&gt;</a>&nbsp;&nbsp;&nbsp;LL_CreateConnCancel1 (via Veneer)
</UL>

<P><STRONG><a name="[211]"></a>LL_Disconnect0</STRONG> (Thumb, 0 bytes, Stack size 0 bytes, bb_rom_sym_m0.txt(ABSOLUTE))
<BR><BR>[Called By]<UL><LI><a href="#[6c]">&gt;&gt;</a>&nbsp;&nbsp;&nbsp;LL_Disconnect1 (via Veneer)
</UL>

<P><STRONG><a name="[151]"></a>LL_DisconnectCback</STRONG> (Thumb, 0 bytes, Stack size 0 bytes, bb_rom_sym_m0.txt(ABSOLUTE))
<BR><BR>[Called By]<UL><LI><a href="#[74]">&gt;&gt;</a>&nbsp;&nbsp;&nbsp;LL_ProcessEvent1 (via Veneer)
</UL>

<P><STRONG><a name="[188]"></a>LL_ENC_AES128_Encrypt</STRONG> (Thumb, 0 bytes, Stack size 0 bytes, bb_rom_sym_m0.txt(ABSOLUTE))
<BR><BR>[Called By]<UL><LI><a href="#[21c]">&gt;&gt;</a>&nbsp;&nbsp;&nbsp;TRNG_Rand (via Veneer)
<LI><a href="#[59]">&gt;&gt;</a>&nbsp;&nbsp;&nbsp;llProcessSlaveControlProcedures1 (via Veneer)
<LI><a href="#[16b]">&gt;&gt;</a>&nbsp;&nbsp;&nbsp;finidv (via Veneer)
</UL>

<P><STRONG><a name="[135]"></a>LL_ENC_AES128_Encrypt0</STRONG> (Thumb, 0 bytes, Stack size 0 bytes, bb_rom_sym_m0.txt(ABSOLUTE))
<BR><BR>[Called By]<UL><LI><a href="#[60]">&gt;&gt;</a>&nbsp;&nbsp;&nbsp;LL_ENC_AES128_Encrypt1 (via Veneer)
</UL>

<P><STRONG><a name="[1bc]"></a>LL_ENC_Encrypt</STRONG> (Thumb, 0 bytes, Stack size 0 bytes, bb_rom_sym_m0.txt(ABSOLUTE))
<BR><BR>[Called By]<UL><LI><a href="#[70]">&gt;&gt;</a>&nbsp;&nbsp;&nbsp;llWriteTxData1 (via Veneer)
<LI><a href="#[1bb]">&gt;&gt;</a>&nbsp;&nbsp;&nbsp;llSetupStartEncRsp (via Veneer)
</UL>

<P><STRONG><a name="[137]"></a>LL_ENC_GenerateNonce</STRONG> (Thumb, 0 bytes, Stack size 0 bytes, bb_rom_sym_m0.txt(ABSOLUTE))
<BR><BR>[Called By]<UL><LI><a href="#[61]">&gt;&gt;</a>&nbsp;&nbsp;&nbsp;LL_ENC_Encrypt1 (via Veneer)
<LI><a href="#[62]">&gt;&gt;</a>&nbsp;&nbsp;&nbsp;LL_ENC_Decrypt1 (via Veneer)
</UL>

<P><STRONG><a name="[1ae]"></a>LL_ENC_GeneratePseudoRandNum</STRONG> (Thumb, 0 bytes, Stack size 0 bytes, bb_rom_sym_m0.txt(ABSOLUTE))
<BR><BR>[Called By]<UL><LI><a href="#[1ad]">&gt;&gt;</a>&nbsp;&nbsp;&nbsp;llGenerateNextBackoffCount1 (via Veneer)
</UL>

<P><STRONG><a name="[136]"></a>LL_ENC_LoadKey</STRONG> (Thumb, 0 bytes, Stack size 0 bytes, bb_rom_sym_m0.txt(ABSOLUTE))
<BR><BR>[Called By]<UL><LI><a href="#[61]">&gt;&gt;</a>&nbsp;&nbsp;&nbsp;LL_ENC_Encrypt1 (via Veneer)
<LI><a href="#[62]">&gt;&gt;</a>&nbsp;&nbsp;&nbsp;LL_ENC_Decrypt1 (via Veneer)
</UL>

<P><STRONG><a name="[225]"></a>LL_EncChangeCback</STRONG> (Thumb, 0 bytes, Stack size 0 bytes, bb_rom_sym_m0.txt(ABSOLUTE))
<BR><BR>[Called By]<UL><LI><a href="#[59]">&gt;&gt;</a>&nbsp;&nbsp;&nbsp;llProcessSlaveControlProcedures1 (via Veneer)
</UL>

<P><STRONG><a name="[226]"></a>LL_EncKeyRefreshCback</STRONG> (Thumb, 0 bytes, Stack size 0 bytes, bb_rom_sym_m0.txt(ABSOLUTE))
<BR><BR>[Called By]<UL><LI><a href="#[59]">&gt;&gt;</a>&nbsp;&nbsp;&nbsp;llProcessSlaveControlProcedures1 (via Veneer)
</UL>

<P><STRONG><a name="[222]"></a>LL_EncLtkReqCback</STRONG> (Thumb, 0 bytes, Stack size 0 bytes, bb_rom_sym_m0.txt(ABSOLUTE))
<BR><BR>[Called By]<UL><LI><a href="#[59]">&gt;&gt;</a>&nbsp;&nbsp;&nbsp;llProcessSlaveControlProcedures1 (via Veneer)
</UL>

<P><STRONG><a name="[463]"></a>LL_Encrypt</STRONG> (Thumb, 0 bytes, Stack size 0 bytes, bb_rom_sym_m0.txt(ABSOLUTE))
<BR><BR>[Called By]<UL><LI><a href="#[3e0]">&gt;&gt;</a>&nbsp;&nbsp;&nbsp;cry_aes_128_encrypt (via Veneer)
<LI><a href="#[4ac]">&gt;&gt;</a>&nbsp;&nbsp;&nbsp;smEncryptLocal (via Veneer)
<LI><a href="#[55f]">&gt;&gt;</a>&nbsp;&nbsp;&nbsp;smEncrypt (via Veneer)
</UL>

<P><STRONG><a name="[1f2]"></a>LL_Init</STRONG> (Thumb, 0 bytes, Stack size 0 bytes, bb_rom_sym_m0.txt(ABSOLUTE))
<BR><BR>[Called By]<UL><LI><a href="#[4c]">&gt;&gt;</a>&nbsp;&nbsp;&nbsp;osalInitTasks (via Veneer)
</UL>

<P><STRONG><a name="[43]"></a>LL_ProcessEvent</STRONG> (Thumb, 0 bytes, Stack size 0 bytes, bb_rom_sym_m0.txt(ABSOLUTE), UNUSED)
<BR>[Address Reference Count : 1]<UL><LI> osal_blemesh.o(_section_sram_code_)
</UL>
<P><STRONG><a name="[152]"></a>LL_ProcessEvent0</STRONG> (Thumb, 0 bytes, Stack size 0 bytes, bb_rom_sym_m0.txt(ABSOLUTE))
<BR><BR>[Called By]<UL><LI><a href="#[74]">&gt;&gt;</a>&nbsp;&nbsp;&nbsp;LL_ProcessEvent1 (via Veneer)
</UL>

<P><STRONG><a name="[42d]"></a>LL_Rand</STRONG> (Thumb, 0 bytes, Stack size 0 bytes, bb_rom_sym_m0.txt(ABSOLUTE))
<BR><BR>[Called By]<UL><LI><a href="#[ca]">&gt;&gt;</a>&nbsp;&nbsp;&nbsp;cry_generate_random_bytes (via Veneer)
<LI><a href="#[42c]">&gt;&gt;</a>&nbsp;&nbsp;&nbsp;blebrr_queue_depth_check (via Veneer)
</UL>

<P><STRONG><a name="[22b]"></a>LL_ReadRemoteVersionInfoCback</STRONG> (Thumb, 0 bytes, Stack size 0 bytes, bb_rom_sym_m0.txt(ABSOLUTE))
<BR><BR>[Called By]<UL><LI><a href="#[59]">&gt;&gt;</a>&nbsp;&nbsp;&nbsp;llProcessSlaveControlProcedures1 (via Veneer)
</UL>

<P><STRONG><a name="[154]"></a>LL_Reset0</STRONG> (Thumb, 0 bytes, Stack size 0 bytes, bb_rom_sym_m0.txt(ABSOLUTE))
<BR><BR>[Called By]<UL><LI><a href="#[71]">&gt;&gt;</a>&nbsp;&nbsp;&nbsp;LL_Reset1 (via Veneer)
</UL>

<P><STRONG><a name="[215]"></a>LL_SetAdvParam0</STRONG> (Thumb, 0 bytes, Stack size 0 bytes, bb_rom_sym_m0.txt(ABSOLUTE))
<BR><BR>[Called By]<UL><LI><a href="#[52]">&gt;&gt;</a>&nbsp;&nbsp;&nbsp;LL_SetAdvParam1 (via Veneer)
</UL>

<P><STRONG><a name="[216]"></a>LL_SetDataLengh0</STRONG> (Thumb, 0 bytes, Stack size 0 bytes, bb_rom_sym_m0.txt(ABSOLUTE))
<BR><BR>[Called By]<UL><LI><a href="#[68]">&gt;&gt;</a>&nbsp;&nbsp;&nbsp;LL_SetDataLengh1 (via Veneer)
</UL>

<P><STRONG><a name="[217]"></a>LL_SetScanParam0</STRONG> (Thumb, 0 bytes, Stack size 0 bytes, bb_rom_sym_m0.txt(ABSOLUTE))
<BR><BR>[Called By]<UL><LI><a href="#[3b]">&gt;&gt;</a>&nbsp;&nbsp;&nbsp;LL_SetScanParam1 (via Veneer)
</UL>

<P><STRONG><a name="[2d6]"></a>LL_TX_bm_alloc</STRONG> (Thumb, 0 bytes, Stack size 0 bytes, bb_rom_sym_m0.txt(ABSOLUTE))
<BR><BR>[Called By]<UL><LI><a href="#[2d5]">&gt;&gt;</a>&nbsp;&nbsp;&nbsp;L2CAP_Fragment_bm_alloc (via Veneer)
</UL>

<P><STRONG><a name="[1e0]"></a>LL_evt_schedule</STRONG> (Thumb, 0 bytes, Stack size 0 bytes, bb_rom_sym_m0.txt(ABSOLUTE))
<BR><BR>[Called By]<UL><LI><a href="#[3e]">&gt;&gt;</a>&nbsp;&nbsp;&nbsp;ll_processBasicIRQ_ScanTRX0 (via Veneer)
<LI><a href="#[3d]">&gt;&gt;</a>&nbsp;&nbsp;&nbsp;ll_processBasicIRQ_SRX0 (via Veneer)
<LI><a href="#[3c]">&gt;&gt;</a>&nbsp;&nbsp;&nbsp;LL_SetScanControl1 (via Veneer)
</UL>

<P><STRONG><a name="[155]"></a>LL_set_default_conn_params0</STRONG> (Thumb, 0 bytes, Stack size 0 bytes, bb_rom_sym_m0.txt(ABSOLUTE))
<BR><BR>[Called By]<UL><LI><a href="#[6b]">&gt;&gt;</a>&nbsp;&nbsp;&nbsp;LL_set_default_conn_params1 (via Veneer)
</UL>

<P><STRONG><a name="[17c]"></a>WaitRTCCount</STRONG> (Thumb, 0 bytes, Stack size 0 bytes, bb_rom_sym_m0.txt(ABSOLUTE))
<BR><BR>[Called By]<UL><LI><a href="#[18f]">&gt;&gt;</a>&nbsp;&nbsp;&nbsp;spif_wait_nobusy (via Veneer)
<LI><a href="#[17e]">&gt;&gt;</a>&nbsp;&nbsp;&nbsp;check_96MXtal_by_rcTracking (via Veneer)
<LI><a href="#[17b]">&gt;&gt;</a>&nbsp;&nbsp;&nbsp;check_16MXtal_by_rcTracking (via Veneer)
<LI><a href="#[21b]">&gt;&gt;</a>&nbsp;&nbsp;&nbsp;TRNG_Output (via Veneer)
<LI><a href="#[1fc]">&gt;&gt;</a>&nbsp;&nbsp;&nbsp;rc32k_calibration (via Veneer)
<LI><a href="#[65]">&gt;&gt;</a>&nbsp;&nbsp;&nbsp;wakeup_init1 (via Veneer)
<LI><a href="#[66]">&gt;&gt;</a>&nbsp;&nbsp;&nbsp;wakeupProcess1 (via Veneer)
<LI><a href="#[185]">&gt;&gt;</a>&nbsp;&nbsp;&nbsp;rc32k_cap_cal (via Veneer)
<LI><a href="#[64]">&gt;&gt;</a>&nbsp;&nbsp;&nbsp;config_RTC1 (via Veneer)
</UL>

<P><STRONG><a name="[1d9]"></a>__ARM_common_switch8</STRONG> (Thumb, 0 bytes, Stack size 0 bytes, bb_rom_sym_m0.txt(ABSOLUTE))
<BR><BR>[Called By]<UL><LI><a href="#[2d0]">&gt;&gt;</a>&nbsp;&nbsp;&nbsp;GGS_SetParameter (via Veneer)
<LI><a href="#[dc]">&gt;&gt;</a>&nbsp;&nbsp;&nbsp;ggs_ReadAttrCB (via Veneer)
<LI><a href="#[406]">&gt;&gt;</a>&nbsp;&nbsp;&nbsp;bleMesh_ProcessGAPMsg (via Veneer)
<LI><a href="#[3a9]">&gt;&gt;</a>&nbsp;&nbsp;&nbsp;UI_light_hsl_client_send_reliable_pdu (via Veneer)
<LI><a href="#[a1]">&gt;&gt;</a>&nbsp;&nbsp;&nbsp;UI_prov_callback (via Veneer)
<LI><a href="#[2e]">&gt;&gt;</a>&nbsp;&nbsp;&nbsp;gapPeriProcessHCICmdCompleteEvt (via Veneer)
<LI><a href="#[202]">&gt;&gt;</a>&nbsp;&nbsp;&nbsp;rf_tp_cal (via Veneer)
<LI><a href="#[42]">&gt;&gt;</a>&nbsp;&nbsp;&nbsp;ll_processBasicIRQ_secondaryScanSRX0 (via Veneer)
<LI><a href="#[3d]">&gt;&gt;</a>&nbsp;&nbsp;&nbsp;ll_processBasicIRQ_SRX0 (via Veneer)
<LI><a href="#[59]">&gt;&gt;</a>&nbsp;&nbsp;&nbsp;llProcessSlaveControlProcedures1 (via Veneer)
<LI><a href="#[53]">&gt;&gt;</a>&nbsp;&nbsp;&nbsp;LL_SetAdvControl1 (via Veneer)
<LI><a href="#[386]">&gt;&gt;</a>&nbsp;&nbsp;&nbsp;MS_trn_send_control_pdu (via Veneer)
<LI><a href="#[c6]">&gt;&gt;</a>&nbsp;&nbsp;&nbsp;trn_pkt_in (via Veneer)
<LI><a href="#[92]">&gt;&gt;</a>&nbsp;&nbsp;&nbsp;health_server_cb (via Veneer)
<LI><a href="#[90]">&gt;&gt;</a>&nbsp;&nbsp;&nbsp;config_server_cb (via Veneer)
</UL>

<P><STRONG><a name="[204]"></a>app_wakeup_process</STRONG> (Thumb, 0 bytes, Stack size 0 bytes, bb_rom_sym_m0.txt(ABSOLUTE))
<BR><BR>[Called By]<UL><LI><a href="#[66]">&gt;&gt;</a>&nbsp;&nbsp;&nbsp;wakeupProcess1 (via Veneer)
</UL>

<P><STRONG><a name="[214]"></a>clear_timer</STRONG> (Thumb, 0 bytes, Stack size 0 bytes, bb_rom_sym_m0.txt(ABSOLUTE))
<BR><BR>[Called By]<UL><LI><a href="#[3c]">&gt;&gt;</a>&nbsp;&nbsp;&nbsp;LL_SetScanControl1 (via Veneer)
<LI><a href="#[53]">&gt;&gt;</a>&nbsp;&nbsp;&nbsp;LL_SetAdvControl1 (via Veneer)
</UL>

<P><STRONG><a name="[575]"></a>clk_get_pclk</STRONG> (Thumb, 0 bytes, Stack size 0 bytes, bb_rom_sym_m0.txt(ABSOLUTE))
<BR><BR>[Called By]<UL><LI><a href="#[4c9]">&gt;&gt;</a>&nbsp;&nbsp;&nbsp;uart_hw_init (via Veneer)
</UL>

<P><STRONG><a name="[120]"></a>config_RTC</STRONG> (Thumb, 0 bytes, Stack size 0 bytes, bb_rom_sym_m0.txt(ABSOLUTE))
<BR><BR>[Called By]<UL><LI><a href="#[11f]">&gt;&gt;</a>&nbsp;&nbsp;&nbsp;hal_pwrmgr_enter_sleep_rtc_reset (via Veneer)
</UL>

<P><STRONG><a name="[19a]"></a>disableSleep</STRONG> (Thumb, 0 bytes, Stack size 0 bytes, bb_rom_sym_m0.txt(ABSOLUTE))
<BR><BR>[Called By]<UL><LI><a href="#[11e]">&gt;&gt;</a>&nbsp;&nbsp;&nbsp;hal_pwrmgr_unlock (via Veneer)
<LI><a href="#[19c]">&gt;&gt;</a>&nbsp;&nbsp;&nbsp;hal_pwrmgr_lock (via Veneer)
<LI><a href="#[198]">&gt;&gt;</a>&nbsp;&nbsp;&nbsp;hal_pwrmgr_init (via Veneer)
<LI><a href="#[239]">&gt;&gt;</a>&nbsp;&nbsp;&nbsp;hal_pwrmgr_get_module_lock_status (via Veneer)
</UL>

<P><STRONG><a name="[119]"></a>drv_disable_irq</STRONG> (Thumb, 0 bytes, Stack size 0 bytes, bb_rom_sym_m0.txt(ABSOLUTE))
<BR><BR>[Called By]<UL><LI><a href="#[18b]">&gt;&gt;</a>&nbsp;&nbsp;&nbsp;hal_flash_write_by_dma (via Veneer)
<LI><a href="#[191]">&gt;&gt;</a>&nbsp;&nbsp;&nbsp;hal_flash_read (via Veneer)
<LI><a href="#[18e]">&gt;&gt;</a>&nbsp;&nbsp;&nbsp;hal_flash_erase_sector (via Veneer)
<LI><a href="#[18d]">&gt;&gt;</a>&nbsp;&nbsp;&nbsp;hal_cache_tag_flush (via Veneer)
<LI><a href="#[11c]">&gt;&gt;</a>&nbsp;&nbsp;&nbsp;spif_unlock (via Veneer)
<LI><a href="#[118]">&gt;&gt;</a>&nbsp;&nbsp;&nbsp;spif_lock (via Veneer)
<LI><a href="#[11e]">&gt;&gt;</a>&nbsp;&nbsp;&nbsp;hal_pwrmgr_unlock (via Veneer)
<LI><a href="#[19c]">&gt;&gt;</a>&nbsp;&nbsp;&nbsp;hal_pwrmgr_lock (via Veneer)
<LI><a href="#[19d]">&gt;&gt;</a>&nbsp;&nbsp;&nbsp;hal_pwrmgr_poweroff (via Veneer)
<LI><a href="#[11f]">&gt;&gt;</a>&nbsp;&nbsp;&nbsp;hal_pwrmgr_enter_sleep_rtc_reset (via Veneer)
<LI><a href="#[1a0]">&gt;&gt;</a>&nbsp;&nbsp;&nbsp;hal_pwrmgr_unregister (via Veneer)
<LI><a href="#[4ca]">&gt;&gt;</a>&nbsp;&nbsp;&nbsp;txmit_buf_use_tx_buf (via Veneer)
<LI><a href="#[277]">&gt;&gt;</a>&nbsp;&nbsp;&nbsp;EM_start_timer (via Veneer)
<LI><a href="#[48b]">&gt;&gt;</a>&nbsp;&nbsp;&nbsp;gapSendDeviceInfoEvent (via Veneer)
<LI><a href="#[42]">&gt;&gt;</a>&nbsp;&nbsp;&nbsp;ll_processBasicIRQ_secondaryScanSRX0 (via Veneer)
<LI><a href="#[3a]">&gt;&gt;</a>&nbsp;&nbsp;&nbsp;ll_processBasicIRQ_secondaryAdvTRX0 (via Veneer)
<LI><a href="#[3e]">&gt;&gt;</a>&nbsp;&nbsp;&nbsp;ll_processBasicIRQ_ScanTRX0 (via Veneer)
<LI><a href="#[3d]">&gt;&gt;</a>&nbsp;&nbsp;&nbsp;ll_processBasicIRQ_SRX0 (via Veneer)
<LI><a href="#[1b2]">&gt;&gt;</a>&nbsp;&nbsp;&nbsp;ll_osal_mem_free (via Veneer)
<LI><a href="#[1c0]">&gt;&gt;</a>&nbsp;&nbsp;&nbsp;ll_osal_mem_alloc (via Veneer)
<LI><a href="#[3f]">&gt;&gt;</a>&nbsp;&nbsp;&nbsp;llSetupSecScan1 (via Veneer)
<LI><a href="#[54]">&gt;&gt;</a>&nbsp;&nbsp;&nbsp;llSetupAdv1 (via Veneer)
<LI><a href="#[37]">&gt;&gt;</a>&nbsp;&nbsp;&nbsp;llSecAdvAllow1 (via Veneer)
<LI><a href="#[41]">&gt;&gt;</a>&nbsp;&nbsp;&nbsp;llCalcMaxScanTime1 (via Veneer)
<LI><a href="#[5b]">&gt;&gt;</a>&nbsp;&nbsp;&nbsp;LL_slave_conn_event3 (via Veneer)
<LI><a href="#[23f]">&gt;&gt;</a>&nbsp;&nbsp;&nbsp;LL_CreateConnCancel1 (via Veneer)
<LI><a href="#[73]">&gt;&gt;</a>&nbsp;&nbsp;&nbsp;LL_TxData1 (via Veneer)
<LI><a href="#[3c]">&gt;&gt;</a>&nbsp;&nbsp;&nbsp;LL_SetScanControl1 (via Veneer)
<LI><a href="#[52]">&gt;&gt;</a>&nbsp;&nbsp;&nbsp;LL_SetAdvParam1 (via Veneer)
<LI><a href="#[53]">&gt;&gt;</a>&nbsp;&nbsp;&nbsp;LL_SetAdvControl1 (via Veneer)
<LI><a href="#[6c]">&gt;&gt;</a>&nbsp;&nbsp;&nbsp;LL_Disconnect1 (via Veneer)
</UL>

<P><STRONG><a name="[11b]"></a>drv_enable_irq</STRONG> (Thumb, 0 bytes, Stack size 0 bytes, bb_rom_sym_m0.txt(ABSOLUTE))
<BR><BR>[Called By]<UL><LI><a href="#[18b]">&gt;&gt;</a>&nbsp;&nbsp;&nbsp;hal_flash_write_by_dma (via Veneer)
[...]
</UL>
<BR>[Calls]<UL><LI><a href="#[2c2]">&gt;&gt;</a>&nbsp;&nbsp;&nbsp;GATT_FindHandleUUID
</UL>
<BR>[Address Reference Count : 1]<UL><LI> gatt_server.o(.constdata)
</UL>
<P><STRONG><a name="[f6]"></a>gattProcessFindInfoReq</STRONG> (Thumb, 226 bytes, Stack size 56 bytes, gatt_server.o(i.gattProcessFindInfoReq))
<BR><BR>[Stack]<UL><LI>Max Depth = 308<LI>Call Chain = gattProcessFindInfoReq &rArr; ATT_FindInfoRsp &rArr; attSendMsg &rArr; SM_GenerateAuthenSig &rArr; sm_CMAC &rArr; generate_subkey &rArr; xor_128
</UL>
<BR>[Calls]<UL><LI><a href="#[12d]">&gt;&gt;</a>&nbsp;&nbsp;&nbsp;osal_memcpy (via Veneer)
<LI><a href="#[2c2]">&gt;&gt;</a>&nbsp;&nbsp;&nbsp;GATT_FindHandleUUID
<LI><a href="#[24e]">&gt;&gt;</a>&nbsp;&nbsp;&nbsp;ATT_FindInfoRsp
</UL>
<BR>[Address Reference Count : 1]<UL><LI> gatt_server.o(.constdata)
</UL>
<P><STRONG><a name="[100]"></a>gattProcessReadByGrpTypeReq</STRONG> (Thumb, 68 bytes, Stack size 16 bytes, gatt_server.o(i.gattProcessReadByGrpTypeReq))
<BR><BR>[Stack]<UL><LI>Max Depth = 104<LI>Call Chain = gattProcessReadByGrpTypeReq &rArr; GATT_FindHandleUUID &rArr; ATT_CompareUUID &rArr; ATT_ConvertUUIDto128
</UL>
<BR>[Calls]<UL><LI><a href="#[2c2]">&gt;&gt;</a>&nbsp;&nbsp;&nbsp;GATT_FindHandleUUID
<LI><a href="#[243]">&gt;&gt;</a>&nbsp;&nbsp;&nbsp;ATT_CompareUUID
</UL>
<BR>[Address Reference Count : 1]<UL><LI> gatt_server.o(.constdata)
</UL>
<P><STRONG><a name="[fa]"></a>gattProcessReadByTypeReq</STRONG> (Thumb, 44 bytes, Stack size 8 bytes, gatt_server.o(i.gattProcessReadByTypeReq))
<BR><BR>[Stack]<UL><LI>Max Depth = 96<LI>Call Chain = gattProcessReadByTypeReq &rArr; GATT_FindHandleUUID &rArr; ATT_CompareUUID &rArr; ATT_ConvertUUIDto128
</UL>
<BR>[Calls]<UL><LI><a href="#[2c2]">&gt;&gt;</a>&nbsp;&nbsp;&nbsp;GATT_FindHandleUUID
</UL>
<BR>[Address Reference Count : 1]<UL><LI> gatt_server.o(.constdata)
</UL>
<P><STRONG><a name="[ff]"></a>gattProcessReadMultiReq</STRONG> (Thumb, 72 bytes, Stack size 24 bytes, gatt_server.o(i.gattProcessReadMultiReq))
<BR><BR>[Stack]<UL><LI>Max Depth = 60<LI>Call Chain = gattProcessReadMultiReq &rArr; GATT_VerifyReadPermissions &rArr; linkDB_Authen &rArr; linkDB_Find
</UL>
<BR>[Calls]<UL><LI><a href="#[2cd]">&gt;&gt;</a>&nbsp;&nbsp;&nbsp;GATT_VerifyReadPermissions
<LI><a href="#[2b5]">&gt;&gt;</a>&nbsp;&nbsp;&nbsp;GATT_FindHandle
</UL>
<BR>[Address Reference Count : 1]<UL><LI> gatt_server.o(.constdata)
</UL>
<P><STRONG><a name="[fc]"></a>gattProcessReadReq</STRONG> (Thumb, 30 bytes, Stack size 8 bytes, gatt_server.o(i.gattProcessReadReq))
<BR><BR>[Stack]<UL><LI>Max Depth = 44<LI>Call Chain = gattProcessReadReq &rArr; GATT_VerifyReadPermissions &rArr; linkDB_Authen &rArr; linkDB_Find
</UL>
<BR>[Calls]<UL><LI><a href="#[2cd]">&gt;&gt;</a>&nbsp;&nbsp;&nbsp;GATT_VerifyReadPermissions
<LI><a href="#[2b5]">&gt;&gt;</a>&nbsp;&nbsp;&nbsp;GATT_FindHandle
</UL>
<BR>[Address Reference Count : 1]<UL><LI> gatt_server.o(.constdata)
</UL>
<P><STRONG><a name="[102]"></a>gattProcessWriteReq</STRONG> (Thumb, 34 bytes, Stack size 16 bytes, gatt_server.o(i.gattProcessWriteReq))
<BR><BR>[Stack]<UL><LI>Max Depth = 52<LI>Call Chain = gattProcessWriteReq &rArr; GATT_VerifyWritePermissions &rArr; linkDB_Authen &rArr; linkDB_Find
</UL>
<BR>[Calls]<UL><LI><a href="#[2b5]">&gt;&gt;</a>&nbsp;&nbsp;&nbsp;GATT_FindHandle
<LI><a href="#[2ce]">&gt;&gt;</a>&nbsp;&nbsp;&nbsp;GATT_VerifyWritePermissions
</UL>
<BR>[Address Reference Count : 1]<UL><LI> gatt_server.o(.constdata)
</UL>
<P><STRONG><a name="[49f]"></a>gattResetServerInfo</STRONG> (Thumb, 16 bytes, Stack size 8 bytes, gatt_server.o(i.gattResetServerInfo))
<BR><BR>[Stack]<UL><LI>Max Depth = 16<LI>Call Chain = gattResetServerInfo &rArr; gattStopTimer
</UL>
<BR>[Calls]<UL><LI><a href="#[49e]">&gt;&gt;</a>&nbsp;&nbsp;&nbsp;gattStopTimer
</UL>
<BR>[Called By]<UL><LI><a href="#[8b]">&gt;&gt;</a>&nbsp;&nbsp;&nbsp;gattServerProcessMsgCB
<LI><a href="#[8c]">&gt;&gt;</a>&nbsp;&nbsp;&nbsp;gattServerHandleConnStatusCB
</UL>

<P><STRONG><a name="[8c]"></a>gattServerHandleConnStatusCB</STRONG> (Thumb, 122 bytes, Stack size 24 bytes, gatt_server.o(i.gattServerHandleConnStatusCB))
<BR><BR>[Stack]<UL><LI>Max Depth = 64<LI>Call Chain = gattServerHandleConnStatusCB &rArr; gattNotifyEvent
</UL>
<BR>[Calls]<UL><LI><a href="#[2e0]">&gt;&gt;</a>&nbsp;&nbsp;&nbsp;linkDB_State
<LI><a href="#[49f]">&gt;&gt;</a>&nbsp;&nbsp;&nbsp;gattResetServerInfo
<LI><a href="#[497]">&gt;&gt;</a>&nbsp;&nbsp;&nbsp;gattFindServerInfo
<LI><a href="#[493]">&gt;&gt;</a>&nbsp;&nbsp;&nbsp;gattNotifyEvent
</UL>
<BR>[Address Reference Count : 1]<UL><LI> gatt_server.o(i.GATT_InitServer)
</UL>
<P><STRONG><a name="[8b]"></a>gattServerProcessMsgCB</STRONG> (Thumb, 200 bytes, Stack size 288 bytes, gatt_server.o(i.gattServerProcessMsgCB))
<BR><BR>[Stack]<UL><LI>Max Depth = 540<LI>Call Chain = gattServerProcessMsgCB &rArr; ATT_ErrorRsp &rArr; attSendMsg &rArr; SM_GenerateAuthenSig &rArr; sm_CMAC &rArr; generate_subkey &rArr; xor_128
</UL>
<BR>[Calls]<UL><LI><a href="#[245]">&gt;&gt;</a>&nbsp;&nbsp;&nbsp;ATT_ErrorRsp
<LI><a href="#[49f]">&gt;&gt;</a>&nbsp;&nbsp;&nbsp;gattResetServerInfo
<LI><a href="#[497]">&gt;&gt;</a>&nbsp;&nbsp;&nbsp;gattFindServerInfo
<LI><a href="#[493]">&gt;&gt;</a>&nbsp;&nbsp;&nbsp;gattNotifyEvent
</UL>
<BR>[Address Reference Count : 1]<UL><LI> gatt_server.o(i.GATT_InitServer)
</UL>
<P><STRONG><a name="[2c3]"></a>gattServiceLastHandle</STRONG> (Thumb, 24 bytes, Stack size 4 bytes, gatt_server.o(i.gattServiceLastHandle))
<BR><BR>[Stack]<UL><LI>Max Depth = 4<LI>Call Chain = gattServiceLastHandle
</UL>
<BR>[Calls]<UL><LI><a href="#[4a8]">&gt;&gt;</a>&nbsp;&nbsp;&nbsp;GATT_ServiceNumAttrs
</UL>
<BR>[Called By]<UL><LI><a href="#[2b6]">&gt;&gt;</a>&nbsp;&nbsp;&nbsp;GATT_FindNextAttr
</UL>

<P><STRONG><a name="[2cc]"></a>gattProcessRxData</STRONG> (Thumb, 142 bytes, Stack size 32 bytes, gatt_task.o(i.gattProcessRxData))
<BR><BR>[Stack]<UL><LI>Max Depth = 284<LI>Call Chain = gattProcessRxData &rArr; ATT_ErrorRsp &rArr; attSendMsg &rArr; SM_GenerateAuthenSig &rArr; sm_CMAC &rArr; generate_subkey &rArr; xor_128
</UL>
<BR>[Calls]<UL><LI><a href="#[245]">&gt;&gt;</a>&nbsp;&nbsp;&nbsp;ATT_ErrorRsp
<LI><a href="#[252]">&gt;&gt;</a>&nbsp;&nbsp;&nbsp;ATT_ParsePacket
<LI><a href="#[2dd]">&gt;&gt;</a>&nbsp;&nbsp;&nbsp;osal_bm_free (via Veneer)
<LI><a href="#[2bc]">&gt;&gt;</a>&nbsp;&nbsp;&nbsp;L2CAP_HostNumCompletedPkts
</UL>
<BR>[Called By]<UL><LI><a href="#[47]">&gt;&gt;</a>&nbsp;&nbsp;&nbsp;GATT_ProcessEvent
</UL>

<P><STRONG><a name="[4e3]"></a>l2capProcessRsp</STRONG> (Thumb, 104 bytes, Stack size 56 bytes, l2cap_task.o(i.l2capProcessRsp))
<BR><BR>[Stack]<UL><LI>Max Depth = 96<LI>Call Chain = l2capProcessRsp &rArr; l2capNotifySignal
</UL>
<BR>[Calls]<UL><LI><a href="#[4e7]">&gt;&gt;</a>&nbsp;&nbsp;&nbsp;l2capStopTimer
<LI><a href="#[4e6]">&gt;&gt;</a>&nbsp;&nbsp;&nbsp;l2capParseParamUpdateRsp
<LI><a href="#[4e5]">&gt;&gt;</a>&nbsp;&nbsp;&nbsp;l2capParseCmdReject
<LI><a href="#[4e1]">&gt;&gt;</a>&nbsp;&nbsp;&nbsp;l2capNotifySignal
<LI><a href="#[4e8]">&gt;&gt;</a>&nbsp;&nbsp;&nbsp;l2capFreeChannel
<LI><a href="#[4e4]">&gt;&gt;</a>&nbsp;&nbsp;&nbsp;l2capFindLocalId
</UL>
<BR>[Called By]<UL><LI><a href="#[4e9]">&gt;&gt;</a>&nbsp;&nbsp;&nbsp;l2capProcessSignal
</UL>

<P><STRONG><a name="[2db]"></a>l2capProcessRxData</STRONG> (Thumb, 142 bytes, Stack size 32 bytes, l2cap_task.o(i.l2capProcessRxData))
<BR><BR>[Stack]<UL><LI>Max Depth = 256<LI>Call Chain = l2capProcessRxData &rArr; l2capProcessSignal &rArr; L2CAP_CmdReject &rArr; l2capSendCmd &rArr; l2capEncapSendData &rArr; l2capPktToSegmentBuff &rArr; L2CAP_Fragment_bm_alloc
</UL>
<BR>[Calls]<UL><LI><a href="#[2dd]">&gt;&gt;</a>&nbsp;&nbsp;&nbsp;osal_bm_free (via Veneer)
<LI><a href="#[4e2]">&gt;&gt;</a>&nbsp;&nbsp;&nbsp;l2capParsePacket
<LI><a href="#[4e0]">&gt;&gt;</a>&nbsp;&nbsp;&nbsp;l2capNotifyData
<LI><a href="#[4e9]">&gt;&gt;</a>&nbsp;&nbsp;&nbsp;l2capProcessSignal
<LI><a href="#[2bc]">&gt;&gt;</a>&nbsp;&nbsp;&nbsp;L2CAP_HostNumCompletedPkts
</UL>
<BR>[Called By]<UL><LI><a href="#[45]">&gt;&gt;</a>&nbsp;&nbsp;&nbsp;L2CAP_ProcessEvent
</UL>

<P><STRONG><a name="[4e9]"></a>l2capProcessSignal</STRONG> (Thumb, 164 bytes, Stack size 40 bytes, l2cap_task.o(i.l2capProcessSignal))
<BR><BR>[Stack]<UL><LI>Max Depth = 224<LI>Call Chain = l2capProcessSignal &rArr; L2CAP_CmdReject &rArr; l2capSendCmd &rArr; l2capEncapSendData &rArr; l2capPktToSegmentBuff &rArr; L2CAP_Fragment_bm_alloc
</UL>
<BR>[Calls]<UL><LI><a href="#[4ea]">&gt;&gt;</a>&nbsp;&nbsp;&nbsp;l2capParseSignalHdr
<LI><a href="#[4e1]">&gt;&gt;</a>&nbsp;&nbsp;&nbsp;l2capNotifySignal
<LI><a href="#[4ec]">&gt;&gt;</a>&nbsp;&nbsp;&nbsp;l2capHandleRxError
<LI><a href="#[4eb]">&gt;&gt;</a>&nbsp;&nbsp;&nbsp;L2CAP_ParseParamUpdateReq
<LI><a href="#[4e3]">&gt;&gt;</a>&nbsp;&nbsp;&nbsp;l2capProcessRsp
<LI><a href="#[2d2]">&gt;&gt;</a>&nbsp;&nbsp;&nbsp;L2CAP_CmdReject
</UL>
<BR>[Called By]<UL><LI><a href="#[2db]">&gt;&gt;</a>&nbsp;&nbsp;&nbsp;l2capProcessRxData
</UL>

<P><STRONG><a name="[4ee]"></a>reportStatusChange</STRONG> (Thumb, 40 bytes, Stack size 24 bytes, linkdb.o(i.reportStatusChange))
<BR><BR>[Stack]<UL><LI>Max Depth = 24<LI>Call Chain = reportStatusChange
</UL>
<BR>[Called By]<UL><LI><a href="#[484]">&gt;&gt;</a>&nbsp;&nbsp;&nbsp;linkDB_Remove
<LI><a href="#[481]">&gt;&gt;</a>&nbsp;&nbsp;&nbsp;linkDB_Add
</UL>

<P><STRONG><a name="[21b]"></a>TRNG_Output</STRONG> (Thumb, 72 bytes, Stack size 32 bytes, patch.o(_func_xip_code_.TRNG_Output))
<BR><BR>[Stack]<UL><LI>Max Depth = 32<LI>Call Chain = TRNG_Output
</UL>
<BR>[Calls]<UL><LI><a href="#[17c]">&gt;&gt;</a>&nbsp;&nbsp;&nbsp;WaitRTCCount (via Veneer)
</UL>
<BR>[Called By]<UL><LI><a href="#[21a]">&gt;&gt;</a>&nbsp;&nbsp;&nbsp;TRNG_INIT
</UL>

<P><STRONG><a name="[168]"></a>NVIC_EnableIRQ</STRONG> (Thumb, 14 bytes, Stack size 0 bytes, patch.o(i.NVIC_EnableIRQ))
<BR><BR>[Called By]<UL><LI><a href="#[167]">&gt;&gt;</a>&nbsp;&nbsp;&nbsp;_clk_apply_setting1
<LI><a href="#[65]">&gt;&gt;</a>&nbsp;&nbsp;&nbsp;wakeup_init1
</UL>

<P><STRONG><a name="[167]"></a>_clk_apply_setting1</STRONG> (Thumb, 250 bytes, Stack size 48 bytes, patch.o(i._clk_apply_setting1))
<BR><BR>[Stack]<UL><LI>Max Depth = 48<LI>Call Chain = _clk_apply_setting1
</UL>
<BR>[Calls]<UL><LI><a href="#[168]">&gt;&gt;</a>&nbsp;&nbsp;&nbsp;NVIC_EnableIRQ
</UL>
<BR>[Called By]<UL><LI><a href="#[17f]">&gt;&gt;</a>&nbsp;&nbsp;&nbsp;clk_init
</UL>

<P><STRONG><a name="[17b]"></a>check_16MXtal_by_rcTracking</STRONG> (Thumb, 316 bytes, Stack size 24 bytes, patch.o(i.check_16MXtal_by_rcTracking))
<BR><BR>[Stack]<UL><LI>Max Depth = 24<LI>Call Chain = check_16MXtal_by_rcTracking
</UL>
<BR>[Calls]<UL><LI><a href="#[17c]">&gt;&gt;</a>&nbsp;&nbsp;&nbsp;WaitRTCCount (via Veneer)
<LI><a href="#[17d]">&gt;&gt;</a>&nbsp;&nbsp;&nbsp;set_sleep_flag (via Veneer)
<LI><a href="#[11f]">&gt;&gt;</a>&nbsp;&nbsp;&nbsp;hal_pwrmgr_enter_sleep_rtc_reset
<LI><a href="#[16e]">&gt;&gt;</a>&nbsp;&nbsp;&nbsp;rtc_get_counter (via Veneer)
</UL>
<BR>[Called By]<UL><LI><a href="#[65]">&gt;&gt;</a>&nbsp;&nbsp;&nbsp;wakeup_init1
</UL>

<P><STRONG><a name="[17e]"></a>check_96MXtal_by_rcTracking</STRONG> (Thumb, 246 bytes, Stack size 24 bytes, patch.o(i.check_96MXtal_by_rcTracking))
<BR><BR>[Stack]<UL><LI>Max Depth = 24<LI>Call Chain = check_96MXtal_by_rcTracking
</UL>
<BR>[Calls]<UL><LI><a href="#[17c]">&gt;&gt;</a>&nbsp;&nbsp;&nbsp;WaitRTCCount (via Veneer)
</UL>
<BR>[Called By]<UL><LI><a href="#[65]">&gt;&gt;</a>&nbsp;&nbsp;&nbsp;wakeup_init1
</UL>

<P><STRONG><a name="[184]"></a>cusum_advance_slave_rx_window</STRONG> (Thumb, 124 bytes, Stack size 8 bytes, patch.o(i.cusum_advance_slave_rx_window))
<BR><BR>[Stack]<UL><LI>Max Depth = 8<LI>Call Chain = cusum_advance_slave_rx_window
</UL>
<BR>[Called By]<UL><LI><a href="#[183]">&gt;&gt;</a>&nbsp;&nbsp;&nbsp;enlarge_rx_timeout_1st
<LI><a href="#[5a]">&gt;&gt;</a>&nbsp;&nbsp;&nbsp;ll_adptive_adj_next_time1
</UL>

<P><STRONG><a name="[183]"></a>enlarge_rx_timeout_1st</STRONG> (Thumb, 158 bytes, Stack size 16 bytes, patch.o(i.enlarge_rx_timeout_1st))
<BR><BR>[Stack]<UL><LI>Max Depth = 24<LI>Call Chain = enlarge_rx_timeout_1st &rArr; cusum_advance_slave_rx_window
</UL>
<BR>[Calls]<UL><LI><a href="#[15f]">&gt;&gt;</a>&nbsp;&nbsp;&nbsp;ll_hw_set_rx_timeout_1st (via Veneer)
<LI><a href="#[184]">&gt;&gt;</a>&nbsp;&nbsp;&nbsp;cusum_advance_slave_rx_window
</UL>
<BR>[Called By]<UL><LI><a href="#[5c]">&gt;&gt;</a>&nbsp;&nbsp;&nbsp;ll_hw_go1
</UL>

<P><STRONG><a name="[1e2]"></a>llAdjBoffUpperLimitFailure1</STRONG> (Thumb, 48 bytes, Stack size 0 bytes, patch.o(i.llAdjBoffUpperLimitFailure1))
<BR><BR>[Called By]<UL><LI><a href="#[3e]">&gt;&gt;</a>&nbsp;&nbsp;&nbsp;ll_processBasicIRQ_ScanTRX0
</UL>

<P><STRONG><a name="[1e3]"></a>llAdjBoffUpperLimitSuccess1</STRONG> (Thumb, 34 bytes, Stack size 0 bytes, patch.o(i.llAdjBoffUpperLimitSuccess1))
<BR><BR>[Called By]<UL><LI><a href="#[3e]">&gt;&gt;</a>&nbsp;&nbsp;&nbsp;ll_processBasicIRQ_ScanTRX0
</UL>

<P><STRONG><a name="[1ad]"></a>llGenerateNextBackoffCount1</STRONG> (Thumb, 32 bytes, Stack size 8 bytes, patch.o(i.llGenerateNextBackoffCount1))
<BR><BR>[Stack]<UL><LI>Max Depth = 8<LI>Call Chain = llGenerateNextBackoffCount1
</UL>
<BR>[Calls]<UL><LI><a href="#[1af]">&gt;&gt;</a>&nbsp;&nbsp;&nbsp;__aeabi_uidivmod (via Veneer)
<LI><a href="#[1ae]">&gt;&gt;</a>&nbsp;&nbsp;&nbsp;LL_ENC_GeneratePseudoRandNum (via Veneer)
</UL>
<BR>[Called By]<UL><LI><a href="#[3e]">&gt;&gt;</a>&nbsp;&nbsp;&nbsp;ll_processBasicIRQ_ScanTRX0
</UL>

<P><STRONG><a name="[1b4]"></a>ll_flow_ctrl_restore</STRONG> (Thumb, 82 bytes, Stack size 8 bytes, patch.o(i.ll_flow_ctrl_restore))
<BR><BR>[Stack]<UL><LI>Max Depth = 8<LI>Call Chain = ll_flow_ctrl_restore
</UL>
<BR>[Called By]<UL><LI><a href="#[5c]">&gt;&gt;</a>&nbsp;&nbsp;&nbsp;ll_hw_go1
<LI><a href="#[72]">&gt;&gt;</a>&nbsp;&nbsp;&nbsp;llReleaseConnId1
</UL>

<P><STRONG><a name="[1ac]"></a>read_LL_remainder_time1</STRONG> (Thumb, 34 bytes, Stack size 8 bytes, patch.o(i.read_LL_remainder_time1))
<BR><BR>[Stack]<UL><LI>Max Depth = 8<LI>Call Chain = read_LL_remainder_time1
</UL>
<BR>[Calls]<UL><LI><a href="#[139]">&gt;&gt;</a>&nbsp;&nbsp;&nbsp;read_current_fine_time (via Veneer)
</UL>
<BR>[Called By]<UL><LI><a href="#[37]">&gt;&gt;</a>&nbsp;&nbsp;&nbsp;llSecAdvAllow1
<LI><a href="#[41]">&gt;&gt;</a>&nbsp;&nbsp;&nbsp;llCalcMaxScanTime1
</UL>

<P><STRONG><a name="[182]"></a>read_TIM5_remainder_timer</STRONG> (Thumb, 8 bytes, Stack size 0 bytes, patch.o(i.read_TIM5_remainder_timer))
<BR><BR>[Called By]<UL><LI><a href="#[41]">&gt;&gt;</a>&nbsp;&nbsp;&nbsp;llCalcMaxScanTime1
<LI><a href="#[64]">&gt;&gt;</a>&nbsp;&nbsp;&nbsp;config_RTC1
</UL>

<P><STRONG><a name="[4ab]"></a>generate_subkey</STRONG> (Thumb, 148 bytes, Stack size 32 bytes, sm_mgr.o(i.generate_subkey))
<BR><BR>[Stack]<UL><LI>Max Depth = 44<LI>Call Chain = generate_subkey &rArr; xor_128
</UL>
<BR>[Calls]<UL><LI><a href="#[1f1]">&gt;&gt;</a>&nbsp;&nbsp;&nbsp;osal_memset (via Veneer)
<LI><a href="#[276]">&gt;&gt;</a>&nbsp;&nbsp;&nbsp;osal_mem_free (via Veneer)
<LI><a href="#[1cf]">&gt;&gt;</a>&nbsp;&nbsp;&nbsp;osal_mem_alloc (via Veneer)
<LI><a href="#[4ae]">&gt;&gt;</a>&nbsp;&nbsp;&nbsp;xor_128
<LI><a href="#[4ac]">&gt;&gt;</a>&nbsp;&nbsp;&nbsp;smEncryptLocal
<LI><a href="#[4ad]">&gt;&gt;</a>&nbsp;&nbsp;&nbsp;leftshift_onebit
</UL>
<BR>[Called By]<UL><LI><a href="#[39d]">&gt;&gt;</a>&nbsp;&nbsp;&nbsp;sm_CMAC
</UL>

<P><STRONG><a name="[4ad]"></a>leftshift_onebit</STRONG> (Thumb, 28 bytes, Stack size 8 bytes, sm_mgr.o(i.leftshift_onebit))
<BR><BR>[Stack]<UL><LI>Max Depth = 8<LI>Call Chain = leftshift_onebit
</UL>
<BR>[Called By]<UL><LI><a href="#[4ab]">&gt;&gt;</a>&nbsp;&nbsp;&nbsp;generate_subkey
</UL>

<P><STRONG><a name="[55f]"></a>smEncrypt</STRONG> (Thumb, 16 bytes, Stack size 8 bytes, sm_mgr.o(i.smEncrypt))
<BR><BR>[Stack]<UL><LI>Max Depth = 8<LI>Call Chain = smEncrypt
</UL>
<BR>[Calls]<UL><LI><a href="#[463]">&gt;&gt;</a>&nbsp;&nbsp;&nbsp;LL_Encrypt (via Veneer)
</UL>
<BR>[Called By]<UL><LI><a href="#[398]">&gt;&gt;</a>&nbsp;&nbsp;&nbsp;sm_ah
</UL>

<P><STRONG><a name="[4ac]"></a>smEncryptLocal</STRONG> (Thumb, 8 bytes, Stack size 8 bytes, sm_mgr.o(i.smEncryptLocal))
<BR><BR>[Stack]<UL><LI>Max Depth = 8<LI>Call Chain = smEncryptLocal
</UL>
<BR>[Calls]<UL><LI><a href="#[463]">&gt;&gt;</a>&nbsp;&nbsp;&nbsp;LL_Encrypt (via Veneer)
</UL>
<BR>[Called By]<UL><LI><a href="#[39d]">&gt;&gt;</a>&nbsp;&nbsp;&nbsp;sm_CMAC
<LI><a href="#[4ab]">&gt;&gt;</a>&nbsp;&nbsp;&nbsp;generate_subkey
</UL>

<P><STRONG><a name="[39d]"></a>sm_CMAC</STRONG> (Thumb, 340 bytes, Stack size 64 bytes, sm_mgr.o(i.sm_CMAC))
<BR><BR>[Stack]<UL><LI>Max Depth = 108<LI>Call Chain = sm_CMAC &rArr; generate_subkey &rArr; xor_128
</UL>
<BR>[Calls]<UL><LI><a href="#[1f1]">&gt;&gt;</a>&nbsp;&nbsp;&nbsp;osal_memset (via Veneer)
<LI><a href="#[12d]">&gt;&gt;</a>&nbsp;&nbsp;&nbsp;osal_memcpy (via Veneer)
<LI><a href="#[276]">&gt;&gt;</a>&nbsp;&nbsp;&nbsp;osal_mem_free (via Veneer)
<LI><a href="#[1cf]">&gt;&gt;</a>&nbsp;&nbsp;&nbsp;osal_mem_alloc (via Veneer)
<LI><a href="#[4ae]">&gt;&gt;</a>&nbsp;&nbsp;&nbsp;xor_128
<LI><a href="#[4ac]">&gt;&gt;</a>&nbsp;&nbsp;&nbsp;smEncryptLocal
<LI><a href="#[4ab]">&gt;&gt;</a>&nbsp;&nbsp;&nbsp;generate_subkey
</UL>
<BR>[Called By]<UL><LI><a href="#[253]">&gt;&gt;</a>&nbsp;&nbsp;&nbsp;SM_VerifyAuthenSig
<LI><a href="#[399]">&gt;&gt;</a>&nbsp;&nbsp;&nbsp;SM_GenerateAuthenSig
</UL>

<P><STRONG><a name="[4ae]"></a>xor_128</STRONG> (Thumb, 22 bytes, Stack size 12 bytes, sm_mgr.o(i.xor_128))
<BR><BR>[Stack]<UL><LI>Max Depth = 12<LI>Call Chain = xor_128
</UL>
<BR>[Called By]<UL><LI><a href="#[39d]">&gt;&gt;</a>&nbsp;&nbsp;&nbsp;sm_CMAC
<LI><a href="#[4ab]">&gt;&gt;</a>&nbsp;&nbsp;&nbsp;generate_subkey
</UL>

<P><STRONG><a name="[3ca]"></a>_fp_digits</STRONG> (Thumb, 344 bytes, Stack size 64 bytes, printfa.o(i._fp_digits), UNUSED)
<BR><BR>[Calls]<UL><LI><a href="#[10a]">&gt;&gt;</a>&nbsp;&nbsp;&nbsp;__aeabi_uldivmod (via Veneer)
<LI><a href="#[113]">&gt;&gt;</a>&nbsp;&nbsp;&nbsp;__aeabi_dmul (via Veneer)
<LI><a href="#[114]">&gt;&gt;</a>&nbsp;&nbsp;&nbsp;__aeabi_ddiv (via Veneer)
<LI><a href="#[10d]">&gt;&gt;</a>&nbsp;&nbsp;&nbsp;__aeabi_dadd (via Veneer)
<LI><a href="#[115]">&gt;&gt;</a>&nbsp;&nbsp;&nbsp;__aeabi_d2ulz (via Veneer)
<LI><a href="#[3cb]">&gt;&gt;</a>&nbsp;&nbsp;&nbsp;__aeabi_cdrcmple (via Veneer)
</UL>
<BR>[Called By]<UL><LI><a href="#[3c8]">&gt;&gt;</a>&nbsp;&nbsp;&nbsp;_printf_core
</UL>

<P><STRONG><a name="[3c8]"></a>_printf_core</STRONG> (Thumb, 1754 bytes, Stack size 128 bytes, printfa.o(i._printf_core), UNUSED)
<BR><BR>[Calls]<UL><LI><a href="#[1af]">&gt;&gt;</a>&nbsp;&nbsp;&nbsp;__aeabi_uidivmod (via Veneer)
<LI><a href="#[10a]">&gt;&gt;</a>&nbsp;&nbsp;&nbsp;__aeabi_uldivmod (via Veneer)
<LI><a href="#[3cc]">&gt;&gt;</a>&nbsp;&nbsp;&nbsp;_printf_pre_padding
<LI><a href="#[3cd]">&gt;&gt;</a>&nbsp;&nbsp;&nbsp;_printf_post_padding
<LI><a href="#[3ca]">&gt;&gt;</a>&nbsp;&nbsp;&nbsp;_fp_digits
</UL>
<BR>[Called By]<UL><LI><a href="#[3c9]">&gt;&gt;</a>&nbsp;&nbsp;&nbsp;__0vprintf
<LI><a href="#[3c7]">&gt;&gt;</a>&nbsp;&nbsp;&nbsp;__0sprintf
</UL>

<P><STRONG><a name="[3cd]"></a>_printf_post_padding</STRONG> (Thumb, 32 bytes, Stack size 24 bytes, printfa.o(i._printf_post_padding), UNUSED)
<BR><BR>[Called By]<UL><LI><a href="#[3c8]">&gt;&gt;</a>&nbsp;&nbsp;&nbsp;_printf_core
</UL>

<P><STRONG><a name="[3cc]"></a>_printf_pre_padding</STRONG> (Thumb, 44 bytes, Stack size 40 bytes, printfa.o(i._printf_pre_padding), UNUSED)
<BR><BR>[Called By]<UL><LI><a href="#[3c8]">&gt;&gt;</a>&nbsp;&nbsp;&nbsp;_printf_core
</UL>

<P><STRONG><a name="[a5]"></a>_sputc</STRONG> (Thumb, 10 bytes, Stack size 0 bytes, printfa.o(i._sputc))
<BR><BR>[Called By]<UL><LI><a href="#[3c7]">&gt;&gt;</a>&nbsp;&nbsp;&nbsp;__0sprintf
</UL>
<BR>[Address Reference Count : 1]<UL><LI> printfa.o(i.__0sprintf)
</UL><P>
<H3>
Undefined Global Symbols
</H3><HR></body></html>
