<html>
<body>
<pre>
<h1>µVision Build Log</h1>
<h2>Tool Versions:</h2>
IDE-Version: ¦ÌVision V5.30.0.0
Copyright (C) 2020 ARM Ltd and ARM Germany GmbH. All rights reserved.
License Information: 1 1, 1, LIC=----
 
Tool Versions:
Toolchain:       MDK-ARM Professional  Version: 5.30.0.0
Toolchain Path:  d:\Keil_v5\ARM\ARMCC\Bin
C Compiler:      Armcc.exe V5.06 update 6 (build 750)
Assembler:       Armasm.exe V5.06 update 6 (build 750)
Linker/Locator:  ArmLink.exe V5.06 update 6 (build 750)
Library Manager: ArmAr.exe V5.06 update 6 (build 750)
Hex Converter:   FromElf.exe V5.06 update 6 (build 750)
CPU DLL:         SARMCM3.DLL V5.30.0.0
Dialog DLL:      DARMCM1.DLL V1.19.3.0
Target DLL:      UL2CM3.DLL V1.163.3.0
Dialog DLL:      TARMCM1.DLL V1.14.2.0
 
<h2>Project:</h2>
F:\smart_home\BLE_mesh\phy6222_v313_0512\example\ble_mesh\mesh_switch\mesh_switch.uvprojx
Project File Date:  02/20/2025

<h2>Output:</h2>
*** Using Compiler 'V5.06 update 6 (build 750)', folder: 'd:\Keil_v5\ARM\ARMCC\Bin'
Build target 'Target 1'
compiling crc16.c...
compiling my_printf.c...
compiling uart.c...
compiling dongleKey.c...
compiling flash.c...
compiling pwm.c...
compiling clock.c...
compiling main.c...
compiling kscan.c...
compiling pwrmgr.c...
compiling gpio.c...
compiling bsp_button_task.c...
compiling keyboard.c...
compiling bsp_button.c...
compiling devinfoservice.c...
compiling gapgattserver.c...
compiling peripheral.c...
compiling gap.c...
compiling gattservapp.c...
compiling bleMesh_Main.c...
compiling observer.c...
compiling central.c...
compiling jump_table.c...
compiling osal_snv.c...
compiling aes.c...
compiling gapbondmgr.c...
compiling aes-ccm.c...
compiling EM_platform.c...
compiling EM_debug.c...
compiling OSAL_bleMesh.c...
compiling EM_os.c...
compiling led_light.c...
compiling EM_timer.c...
compiling bleMesh.c...
compiling cli_model.c...
compiling blebrr_gatt.c...
compiling MS_common_pl.c...
compiling prov_pl.c...
compiling cry.c...
compiling appl_proxy.c...
compiling mesh_services.c...
compiling blebrr.c...
compiling blebrr_pl.c...
compiling appl_prov.c...
compiling EXT_cbtimer.c...
compiling mesh_clients.c...
assembling startup_ARMCM0.s...
compiling vendormodel_server.c...
compiling MS_limit_config.c...
compiling access_ps.c...
compiling cliface.c...
compiling system_ARMCM0.c...
compiling appl_sample_mesh_switch.c...
linking...
Program Size: Code=134900 RO-data=6268 RW-data=4740 ZI-data=27080  
FromELF: creating hex file...
After Build - User command #1: fromelf.exe --bin -o  ./mesh_switch.bin  ./Objects/mesh_switch.axf
After Build - User command #2: fromelf -c -a -d -e -v -o mesh_switch.asm ./Objects/mesh_switch.axf
".\Objects\mesh_switch.axf" - 0 Error(s), 0 Warning(s).

<h2>Software Packages used:</h2>

Package Vendor: ARM
                http://www.keil.com/pack/ARM.CMSIS.5.7.0.pack
                ARM.CMSIS.5.7.0
                CMSIS (Cortex Microcontroller Software Interface Standard)
   * Component: CORE Version: 5.4.0
   * Component: Startup Version: 1.2.2

<h2>Collection of Component include folders:</h2>
  .\RTE\_Target_1
  d:\Keil_v5\Arm\Packs\ARM\CMSIS\5.7.0\CMSIS\Core\Include
  d:\Keil_v5\Arm\Packs\ARM\CMSIS\5.7.0\Device\ARM\ARMCM0\Include

<h2>Collection of Component Files used:</h2>

   * Component: ARM::CMSIS:CORE:5.4.0

   * Component: ARM::Device:Startup:1.2.2
      Include file:  Device\ARM\ARMCM0\Include\ARMCM0.h
      Source file:   Device\ARM\ARMCM0\Source\ARM\startup_ARMCM0.s
      Source file:   Device\ARM\ARMCM0\Source\system_ARMCM0.c
Build Time Elapsed:  00:00:10
</pre>
</body>
</html>
